Component: ARM Compiler 5.06 update 6 (build 750) Tool: armlink [4d35ed]

==============================================================================

Section Cross References

    startup_stm32f405xx.o(RESET) refers to startup_stm32f405xx.o(STACK) for __initial_sp
    startup_stm32f405xx.o(RESET) refers to startup_stm32f405xx.o(.text) for Reset_Handler
    startup_stm32f405xx.o(RESET) refers to stm32f4xx_it.o(i.NMI_Handler) for NMI_Handler
    startup_stm32f405xx.o(RESET) refers to stm32f4xx_it.o(i.HardFault_Handler) for HardFault_Handler
    startup_stm32f405xx.o(RESET) refers to stm32f4xx_it.o(i.MemManage_Handler) for MemManage_Handler
    startup_stm32f405xx.o(RESET) refers to stm32f4xx_it.o(i.BusFault_Handler) for BusFault_Handler
    startup_stm32f405xx.o(RESET) refers to stm32f4xx_it.o(i.UsageFault_Handler) for UsageFault_Handler
    startup_stm32f405xx.o(RESET) refers to port.o(.emb_text) for SVC_Handler
    startup_stm32f405xx.o(RESET) refers to stm32f4xx_it.o(i.DebugMon_Handler) for DebugMon_Handler
    startup_stm32f405xx.o(RESET) refers to port.o(i.SysTick_Handler) for SysTick_Handler
    startup_stm32f405xx.o(RESET) refers to stm32f4xx_it.o(i.EXTI1_IRQHandler) for EXTI1_IRQHandler
    startup_stm32f405xx.o(RESET) refers to stm32f4xx_it.o(i.CAN1_RX0_IRQHandler) for CAN1_RX0_IRQHandler
    startup_stm32f405xx.o(RESET) refers to stm32f4xx_it.o(i.TIM2_IRQHandler) for TIM2_IRQHandler
    startup_stm32f405xx.o(RESET) refers to stm32f4xx_it.o(i.TIM3_IRQHandler) for TIM3_IRQHandler
    startup_stm32f405xx.o(RESET) refers to stm32f4xx_it.o(i.USART1_IRQHandler) for USART1_IRQHandler
    startup_stm32f405xx.o(RESET) refers to stm32f4xx_it.o(i.USART3_IRQHandler) for USART3_IRQHandler
    startup_stm32f405xx.o(RESET) refers to stm32f4xx_it.o(i.TIM8_TRG_COM_TIM14_IRQHandler) for TIM8_TRG_COM_TIM14_IRQHandler
    startup_stm32f405xx.o(.text) refers to system_stm32f4xx.o(i.SystemInit) for SystemInit
    startup_stm32f405xx.o(.text) refers to entry.o(.ARM.Collect$$$$00000000) for __main
    main.o(i.HAL_TIM_PeriodElapsedCallback) refers to stm32f4xx_hal.o(i.HAL_IncTick) for HAL_IncTick
    main.o(i.SystemClock_Config) refers to memseta.o(.text) for __aeabi_memclr4
    main.o(i.SystemClock_Config) refers to stm32f4xx_hal_rcc.o(i.HAL_RCC_OscConfig) for HAL_RCC_OscConfig
    main.o(i.SystemClock_Config) refers to stm32f4xx_hal_rcc.o(i.HAL_RCC_ClockConfig) for HAL_RCC_ClockConfig
    main.o(i.main) refers to stm32f4xx_hal.o(i.HAL_Init) for HAL_Init
    main.o(i.main) refers to main.o(i.SystemClock_Config) for SystemClock_Config
    main.o(i.main) refers to gpio.o(i.MX_GPIO_Init) for MX_GPIO_Init
    main.o(i.main) refers to can.o(i.MX_CAN1_Init) for MX_CAN1_Init
    main.o(i.main) refers to usart.o(i.MX_USART3_UART_Init) for MX_USART3_UART_Init
    main.o(i.main) refers to usart.o(i.MX_USART1_UART_Init) for MX_USART1_UART_Init
    main.o(i.main) refers to tim.o(i.MX_TIM2_Init) for MX_TIM2_Init
    main.o(i.main) refers to tim.o(i.MX_TIM3_Init) for MX_TIM3_Init
    main.o(i.main) refers to can.o(i.CAN_Filter) for CAN_Filter
    main.o(i.main) refers to stm32f4xx_hal_can.o(i.HAL_CAN_Start) for HAL_CAN_Start
    main.o(i.main) refers to stm32f4xx_hal.o(i.HAL_Delay) for HAL_Delay
    main.o(i.main) refers to stm32f4xx_hal_uart.o(i.HAL_UART_Receive_IT) for HAL_UART_Receive_IT
    main.o(i.main) refers to freertos.o(i.MX_FREERTOS_Init) for MX_FREERTOS_Init
    main.o(i.main) refers to cmsis_os.o(i.osKernelStart) for osKernelStart
    main.o(i.main) refers to can.o(.bss) for hcan1
    main.o(i.main) refers to sim900a.o(.data) for rx_data
    main.o(i.main) refers to usart.o(.bss) for huart3
    gpio.o(i.MX_GPIO_Init) refers to memseta.o(.text) for __aeabi_memclr4
    gpio.o(i.MX_GPIO_Init) refers to stm32f4xx_hal_gpio.o(i.HAL_GPIO_Init) for HAL_GPIO_Init
    gpio.o(i.MX_GPIO_Init) refers to stm32f4xx_hal_cortex.o(i.HAL_NVIC_SetPriority) for HAL_NVIC_SetPriority
    gpio.o(i.MX_GPIO_Init) refers to stm32f4xx_hal_cortex.o(i.HAL_NVIC_EnableIRQ) for HAL_NVIC_EnableIRQ
    can.o(i.CAN_Filter) refers to stm32f4xx_hal_can.o(i.HAL_CAN_ConfigFilter) for HAL_CAN_ConfigFilter
    can.o(i.CAN_Filter) refers to main.o(i.Error_Handler) for Error_Handler
    can.o(i.CAN_Filter) refers to stm32f4xx_hal_can.o(i.HAL_CAN_Start) for HAL_CAN_Start
    can.o(i.CAN_Filter) refers to stm32f4xx_hal_can.o(i.HAL_CAN_ActivateNotification) for HAL_CAN_ActivateNotification
    can.o(i.CAN_Filter) refers to can.o(.bss) for .bss
    can.o(i.HAL_CAN_MspDeInit) refers to stm32f4xx_hal_gpio.o(i.HAL_GPIO_DeInit) for HAL_GPIO_DeInit
    can.o(i.HAL_CAN_MspDeInit) refers to stm32f4xx_hal_cortex.o(i.HAL_NVIC_DisableIRQ) for HAL_NVIC_DisableIRQ
    can.o(i.HAL_CAN_MspInit) refers to memseta.o(.text) for __aeabi_memclr4
    can.o(i.HAL_CAN_MspInit) refers to stm32f4xx_hal_gpio.o(i.HAL_GPIO_Init) for HAL_GPIO_Init
[...]
    i.MX_TIM3_Init                           0x080026b8   Section        0  tim.o(i.MX_TIM3_Init)
    i.MX_USART1_UART_Init                    0x0800271c   Section        0  usart.o(i.MX_USART1_UART_Init)
    i.MX_USART3_UART_Init                    0x08002754   Section        0  usart.o(i.MX_USART3_UART_Init)
    i.MemManage_Handler                      0x0800278c   Section        0  stm32f4xx_it.o(i.MemManage_Handler)
    i.NMI_Handler                            0x0800278e   Section        0  stm32f4xx_it.o(i.NMI_Handler)
    i.NVIC_SetPriority                       0x08002790   Section        0  stm32f4xx_hal_cortex.o(i.NVIC_SetPriority)
    NVIC_SetPriority                         0x08002791   Thumb Code    32  stm32f4xx_hal_cortex.o(i.NVIC_SetPriority)
    i.ReadLastData                           0x080027b0   Section        0  sim900a.o(i.ReadLastData)
    i.SIM900A_Init                           0x08002aa8   Section        0  sim900a.o(i.SIM900A_Init)
    i.StartAndroidTask                       0x08002bb4   Section        0  freertos.o(i.StartAndroidTask)
    i.StartCanTask                           0x08002df4   Section        0  freertos.o(i.StartCanTask)
    i.StartGsmTask                           0x08002e14   Section        0  freertos.o(i.StartGsmTask)
    i.SysTick_Handler                        0x08002e88   Section        0  port.o(i.SysTick_Handler)
    i.SystemClock_Config                     0x08002eb4   Section        0  main.o(i.SystemClock_Config)
    i.SystemInit                             0x08002f38   Section        0  system_stm32f4xx.o(i.SystemInit)
    i.TIM2_IRQHandler                        0x08002f8c   Section        0  stm32f4xx_it.o(i.TIM2_IRQHandler)
    i.TIM3_IRQHandler                        0x08002f98   Section        0  stm32f4xx_it.o(i.TIM3_IRQHandler)
    i.TIM8_TRG_COM_TIM14_IRQHandler          0x08002fa4   Section        0  stm32f4xx_it.o(i.TIM8_TRG_COM_TIM14_IRQHandler)
    i.TIM_Base_SetConfig                     0x08002fb0   Section        0  stm32f4xx_hal_tim.o(i.TIM_Base_SetConfig)
    i.TIM_ETR_SetConfig                      0x08003070   Section        0  stm32f4xx_hal_tim.o(i.TIM_ETR_SetConfig)
    TIM_ETR_SetConfig                        0x08003071   Thumb Code    20  stm32f4xx_hal_tim.o(i.TIM_ETR_SetConfig)
    i.TIM_ITRx_SetConfig                     0x08003084   Section        0  stm32f4xx_hal_tim.o(i.TIM_ITRx_SetConfig)
    TIM_ITRx_SetConfig                       0x08003085   Thumb Code    16  stm32f4xx_hal_tim.o(i.TIM_ITRx_SetConfig)
    i.TIM_TI1_ConfigInputStage               0x08003094   Section        0  stm32f4xx_hal_tim.o(i.TIM_TI1_ConfigInputStage)
    TIM_TI1_ConfigInputStage                 0x08003095   Thumb Code    34  stm32f4xx_hal_tim.o(i.TIM_TI1_ConfigInputStage)
    i.TIM_TI2_ConfigInputStage               0x080030b6   Section        0  stm32f4xx_hal_tim.o(i.TIM_TI2_ConfigInputStage)
    TIM_TI2_ConfigInputStage                 0x080030b7   Thumb Code    36  stm32f4xx_hal_tim.o(i.TIM_TI2_ConfigInputStage)
    i.UART_DMAAbortOnError                   0x080030da   Section        0  stm32f4xx_hal_uart.o(i.UART_DMAAbortOnError)
    UART_DMAAbortOnError                     0x080030db   Thumb Code    16  stm32f4xx_hal_uart.o(i.UART_DMAAbortOnError)
    i.UART_EndRxTransfer                     0x080030ea   Section        0  stm32f4xx_hal_uart.o(i.UART_EndRxTransfer)
    UART_EndRxTransfer                       0x080030eb   Thumb Code    28  stm32f4xx_hal_uart.o(i.UART_EndRxTransfer)
    i.UART_Receive_IT                        0x08003106   Section        0  stm32f4xx_hal_uart.o(i.UART_Receive_IT)
    UART_Receive_IT                          0x08003107   Thumb Code   140  stm32f4xx_hal_uart.o(i.UART_Receive_IT)
    i.UART_SetConfig                         0x08003194   Section        0  stm32f4xx_hal_uart.o(i.UART_SetConfig)
    UART_SetConfig                           0x08003195   Thumb Code   676  stm32f4xx_hal_uart.o(i.UART_SetConfig)
    i.UART_Transmit_IT                       0x08003440   Section        0  stm32f4xx_hal_uart.o(i.UART_Transmit_IT)
    UART_Transmit_IT                         0x08003441   Thumb Code    98  stm32f4xx_hal_uart.o(i.UART_Transmit_IT)
    i.UART_WaitOnFlagUntilTimeout            0x080034a2   Section        0  stm32f4xx_hal_uart.o(i.UART_WaitOnFlagUntilTimeout)
    UART_WaitOnFlagUntilTimeout              0x080034a3   Thumb Code   100  stm32f4xx_hal_uart.o(i.UART_WaitOnFlagUntilTimeout)
    i.USART1_IRQHandler                      0x08003508   Section        0  stm32f4xx_it.o(i.USART1_IRQHandler)
    i.USART3_IRQHandler                      0x08003514   Section        0  stm32f4xx_it.o(i.USART3_IRQHandler)
    i.UsageFault_Handler                     0x0800354c   Section        0  stm32f4xx_it.o(i.UsageFault_Handler)
    i.__0printf$8                            0x08003550   Section        0  printf8.o(i.__0printf$8)
    i.__0sprintf$8                           0x08003570   Section        0  printf8.o(i.__0sprintf$8)
    i.__aeabi_errno_addr                     0x08003598   Section        0  errno.o(i.__aeabi_errno_addr)
    i.__hardfp_atof                          0x080035a0   Section        0  atof.o(i.__hardfp_atof)
    i.__read_errno                           0x080035d8   Section        0  errno.o(i.__read_errno)
    i.__scatterload_copy                     0x080035e4   Section       14  handlers.o(i.__scatterload_copy)
    i.__scatterload_null                     0x080035f2   Section        2  handlers.o(i.__scatterload_null)
    i.__scatterload_zeroinit                 0x080035f4   Section       14  handlers.o(i.__scatterload_zeroinit)
    i.__set_errno                            0x08003604   Section        0  errno.o(i.__set_errno)
    i._is_digit                              0x08003610   Section        0  scanf_fp.o(i._is_digit)
    i._printf_core                           0x08003620   Section        0  printf8.o(i._printf_core)
    _printf_core                             0x08003621   Thumb Code   996  printf8.o(i._printf_core)
    i._printf_post_padding                   0x08003a30   Section        0  printf8.o(i._printf_post_padding)
    _printf_post_padding                     0x08003a31   Thumb Code    36  printf8.o(i._printf_post_padding)
    i._printf_pre_padding                    0x08003a54   Section        0  printf8.o(i._printf_pre_padding)
    _printf_pre_padding                      0x08003a55   Thumb Code    46  printf8.o(i._printf_pre_padding)
    i._sputc                                 0x08003a82   Section        0  printf8.o(i._sputc)
    _sputc                                   0x08003a83   Thumb Code    10  printf8.o(i._sputc)
    i.fputc                                  0x08003a8c   Section        0  sim900a.o(i.fputc)
    i.gsmStatus                              0x08003aa4   Section        0  sim900a.o(i.gsmStatus)
    i.input_handler                          0x08003b00   Section        0  freertos.o(i.input_handler)
    i.main                                   0x08003b60   Section        0  main.o(i.main)
    i.makeFreeRtosPriority                   0x08003bb4   Section        0  cmsis_os.o(i.makeFreeRtosPriority)
    makeFreeRtosPriority                     0x08003bb5   Thumb Code    12  cmsis_os.o(i.makeFreeRtosPriority)
    i.osDelay                                0x08003bc0   Section        0  cmsis_os.o(i.osDelay)
    i.osKernelStart                          0x08003bce   Section        0  cmsis_os.o(i.osKernelStart)
    i.osThreadCreate                         0x08003bd8   Section        0  cmsis_os.o(i.osThreadCreate)
    i.prvAddCurrentTaskToDelayedList         0x08003c08   Section        0  tasks.o(i.prvAddCurrentTaskToDelayedList)
    prvAddCurrentTaskToDelayedList           0x08003c09   Thumb Code   102  tasks.o(i.prvAddCurrentTaskToDelayedList)
    i.prvAddNewTaskToReadyList               0x08003c78   Section        0  tasks.o(i.prvAddNewTaskToReadyList)
    prvAddNewTaskToReadyList                 0x08003c79   Thumb Code   194  tasks.o(i.prvAddNewTaskToReadyList)
    i.prvCheckTasksWaitingTermination        0x08003d48   Section        0  tasks.o(i.prvCheckTasksWaitingTermination)
    prvCheckTasksWaitingTermination          0x08003d49   Thumb Code    70  tasks.o(i.prvCheckTasksWaitingTermination)
    i.prvDeleteTCB                           0x08003d98   Section        0  tasks.o(i.prvDeleteTCB)
    prvDeleteTCB                             0x08003d99   Thumb Code    20  tasks.o(i.prvDeleteTCB)
    i.prvHeapInit                            0x08003dac   Section        0  heap_4.o(i.prvHeapInit)
    prvHeapInit                              0x08003dad   Thumb Code    66  heap_4.o(i.prvHeapInit)
    i.prvIdleTask                            0x08003df8   Section        0  tasks.o(i.prvIdleTask)
    prvIdleTask                              0x08003df9   Thumb Code    30  tasks.o(i.prvIdleTask)
    i.prvInitialiseNewTask                   0x08003e20   Section        0  tasks.o(i.prvInitialiseNewTask)
    prvInitialiseNewTask                     0x08003e21   Thumb Code   142  tasks.o(i.prvInitialiseNewTask)
    i.prvInsertBlockIntoFreeList             0x08003eb0   Section        0  heap_4.o(i.prvInsertBlockIntoFreeList)
    prvInsertBlockIntoFreeList               0x08003eb1   Thumb Code    72  heap_4.o(i.prvInsertBlockIntoFreeList)
    i.prvResetNextTaskUnblockTime            0x08003efc   Section        0  tasks.o(i.prvResetNextTaskUnblockTime)
    prvResetNextTaskUnblockTime              0x08003efd   Thumb Code    26  tasks.o(i.prvResetNextTaskUnblockTime)
    i.prvTaskExitError                       0x08003f1c   Section        0  port.o(i.prvTaskExitError)
    prvTaskExitError                         0x08003f1d   Thumb Code    36  port.o(i.prvTaskExitError)
    i.pvPortMalloc                           0x08003f44   Section        0  heap_4.o(i.pvPortMalloc)
    i.pxPortInitialiseStack                  0x0800401c   Section        0  port.o(i.pxPortInitialiseStack)
    i.uxListRemove                           0x08004048   Section        0  list.o(i.uxListRemove)
    i.vListInitialise                        0x0800406c   Section        0  list.o(i.vListInitialise)
    i.vListInitialiseItem                    0x08004082   Section        0  list.o(i.vListInitialiseItem)
    i.vListInsert                            0x08004088   Section        0  list.o(i.vListInsert)
    i.vListInsertEnd                         0x080040b8   Section        0  list.o(i.vListInsertEnd)
    i.vPortEnterCritical                     0x080040d0   Section        0  port.o(i.vPortEnterCritical)
    i.vPortExitCritical                      0x08004110   Section        0  port.o(i.vPortExitCritical)
    i.vPortFree                              0x08004138   Section        0  heap_4.o(i.vPortFree)
    i.vPortSetupTimerInterrupt               0x08004194   Section        0  port.o(i.vPortSetupTimerInterrupt)
    i.vTaskDelay                             0x080041b4   Section        0  tasks.o(i.vTaskDelay)
    i.vTaskStartScheduler                    0x08004200   Section        0  tasks.o(i.vTaskStartScheduler)
    i.vTaskSuspendAll                        0x08004268   Section        0  tasks.o(i.vTaskSuspendAll)
    i.vTaskSwitchContext                     0x08004278   Section        0  tasks.o(i.vTaskSwitchContext)
    i.xPortStartScheduler                    0x080042d4   Section        0  port.o(i.xPortStartScheduler)
    i.xTaskCreate                            0x080043b4   Section        0  tasks.o(i.xTaskCreate)
    i.xTaskIncrementTick                     0x0800440c   Section        0  tasks.o(i.xTaskIncrementTick)
    i.xTaskResumeAll                         0x080044d4   Section        0  tasks.o(i.xTaskResumeAll)
    .constdata                               0x08004598   Section       60  freertos.o(.constdata)
    .constdata                               0x080045d4   Section       16  system_stm32f4xx.o(.constdata)
    .constdata                               0x080045e4   Section        8  system_stm32f4xx.o(.constdata)
    .constdata                               0x080045ec   Section      129  ctype_o.o(.constdata)
    .constdata                               0x08004670   Section        4  ctype_o.o(.constdata)
    table                                    0x08004670   Data           4  ctype_o.o(.constdata)
    .conststring                             0x08004674   Section      104  freertos.o(.conststring)
    .conststring                             0x080046dc   Section       85  sim900a.o(.conststring)
    .data                                    0x20000000   Section        4  main.o(.data)
    .data                                    0x20000004   Section        4  main.o(.data)
    .data                                    0x20000008   Section        1  main.o(.data)
    .data                                    0x20000009   Section        1  main.o(.data)
    .data                                    0x2000000a   Section        1  main.o(.data)
    .data                                    0x2000000b   Section        1  main.o(.data)
    .data                                    0x2000000c   Section        4  main.o(.data)
    .data                                    0x20000010   Section        4  main.o(.data)
    .data                                    0x20000014   Section        4  main.o(.data)
    .data                                    0x20000018   Section        4  main.o(.data)
    .data                                    0x2000001c   Section        4  main.o(.data)
    .data                                    0x20000020   Section        2  main.o(.data)
    .data                                    0x20000022   Section        8  main.o(.data)
    .data                                    0x2000002a   Section        2  main.o(.data)
    .data                                    0x2000002c   Section        2  main.o(.data)
    .data                                    0x2000002e   Section        2  main.o(.data)
    .data                                    0x20000030   Section        1  main.o(.data)
    .data                                    0x20000032   Section        2  main.o(.data)
    .data                                    0x20000034   Section        2  main.o(.data)
    .data                                    0x20000036   Section        2  main.o(.data)
    .data                                    0x20000038   Section        4  main.o(.data)
    .data                                    0x2000003c   Section        8  can.o(.data)
    .data                                    0x20000044   Section        8  can.o(.data)
    .data                                    0x2000004c   Section        4  can.o(.data)
    .data                                    0x20000050   Section       24  freertos.o(.data)
    .data                                    0x20000068   Section       27  sim900a.o(.data)
    .data                                    0x20000083   Section        1  sim900a.o(.data)
    .data                                    0x20000084   Section       12  stm32f4xx_hal.o(.data)
    .data                                    0x20000090   Section        4  system_stm32f4xx.o(.data)
    .data                                    0x20000094   Section       60  tasks.o(.data)
    uxDeletedTasksWaitingCleanUp             0x20000098   Data           4  tasks.o(.data)
    uxCurrentNumberOfTasks                   0x2000009c   Data           4  tasks.o(.data)
    xTickCount                               0x200000a0   Data           4  tasks.o(.data)
    uxTopReadyPriority                       0x200000a4   Data           4  tasks.o(.data)
    xSchedulerRunning                        0x200000a8   Data           4  tasks.o(.data)
    uxPendedTicks                            0x200000ac   Data           4  tasks.o(.data)
    xYieldPending                            0x200000b0   Data           4  tasks.o(.data)
    xNumOfOverflows                          0x200000b4   Data           4  tasks.o(.data)
    uxTaskNumber                             0x200000b8   Data           4  tasks.o(.data)
    xNextTaskUnblockTime                     0x200000bc   Data           4  tasks.o(.data)
    xIdleTaskHandle                          0x200000c0   Data           4  tasks.o(.data)
    uxSchedulerSuspended                     0x200000c4   Data           4  tasks.o(.data)
    pxDelayedTaskList                        0x200000c8   Data           4  tasks.o(.data)
    pxOverflowDelayedTaskList                0x200000cc   Data           4  tasks.o(.data)
    .data                                    0x200000d0   Section       24  heap_4.o(.data)
    pxEnd                                    0x200000d0   Data           4  heap_4.o(.data)
    xFreeBytesRemaining                      0x200000d4   Data           4  heap_4.o(.data)
    xMinimumEverFreeBytesRemaining           0x200000d8   Data           4  heap_4.o(.data)
    xBlockAllocatedBit                       0x200000dc   Data           4  heap_4.o(.data)
    xStart                                   0x200000e0   Data           8  heap_4.o(.data)
    .data                                    0x200000e8   Section       12  port.o(.data)
    ucMaxSysCallPriority                     0x200000e8   Data           1  port.o(.data)
    uxCriticalNesting                        0x200000ec   Data           4  port.o(.data)
    ulMaxPRIGROUPValue                       0x200000f0   Data           4  port.o(.data)
    .data                                    0x200000f4   Section        4  stdout.o(.data)
    .data                                    0x200000f8   Section        4  errno.o(.data)
    _errno                                   0x200000f8   Data           4  errno.o(.data)
    .bss                                     0x200000fc   Section      256  main.o(.bss)
    .bss                                     0x200001fc   Section      512  main.o(.bss)
    .bss                                     0x200003fc   Section       64  can.o(.bss)
    .bss                                     0x2000043c   Section       28  can.o(.bss)
    .bss                                     0x20000458   Section       16  freertos.o(.bss)
    .bss                                     0x20000468   Section      120  tim.o(.bss)
    .bss                                     0x200004e0   Section      128  usart.o(.bss)
    .bss                                     0x20000560   Section       60  stm32f4xx_hal_timebase_tim.o(.bss)
    .bss                                     0x2000059c   Section      266  sim900a.o(.bss)
    .bss                                     0x200006a8   Section      240  tasks.o(.bss)
    pxReadyTasksLists                        0x200006a8   Data         140  tasks.o(.bss)
    xDelayedTaskList1                        0x20000734   Data          20  tasks.o(.bss)
    xDelayedTaskList2                        0x20000748   Data          20  tasks.o(.bss)
    xPendingReadyList                        0x2000075c   Data          20  tasks.o(.bss)
    xTasksWaitingTermination                 0x20000770   Data          20  tasks.o(.bss)
    xSuspendedTaskList                       0x20000784   Data          20  tasks.o(.bss)
    .bss                                     0x20000798   Section    15360  heap_4.o(.bss)
    ucHeap                                   0x20000798   Data       15360  heap_4.o(.bss)
    STACK                                    0x20004398   Section     2048  startup_stm32f405xx.o(STACK)

    Global Symbols

    Symbol Name                              Value     Ov Type        Size  Object(Section)

    BuildAttributes$$THM_ISAv4$E$P$D$K$B$S$7EM$VFPi3$EXTD16$VFPS$VFMA$PE$A:L22UL41UL21$X:L11$S22US41US21$IEEE1$IW$USESV6$~STKCKD$USESV7$~SHL$OTIME$ROPI$IEEEJ$EBA8$MICROLIB$REQ8$PRES8$EABIv2 0x00000000   Number         0  anon$$obj.o ABSOLUTE
    __ARM_use_no_argv                        0x00000000   Number         0  main.o ABSOLUTE
    _printf_a                                0x00000000   Number         0  stubs.o ABSOLUTE
    _printf_c                                0x00000000   Number         0  stubs.o ABSOLUTE
    _printf_charcount                        0x00000000   Number         0  stubs.o ABSOLUTE
    _printf_d                                0x00000000   Number         0  stubs.o ABSOLUTE
    _printf_e                                0x00000000   Number         0  stubs.o ABSOLUTE
    _printf_f                                0x00000000   Number         0  stubs.o ABSOLUTE
    _printf_flags                            0x00000000   Number         0  stubs.o ABSOLUTE
    _printf_fp_dec                           0x00000000   Number         0  stubs.o ABSOLUTE
    _printf_fp_hex                           0x00000000   Number         0  stubs.o ABSOLUTE
    _printf_g                                0x00000000   Number         0  stubs.o ABSOLUTE
    _printf_i                                0x00000000   Number         0  stubs.o ABSOLUTE
    _printf_int_dec                          0x00000000   Number         0  stubs.o ABSOLUTE
    _printf_l                                0x00000000   Number         0  stubs.o ABSOLUTE
    _printf_lc                               0x00000000   Number         0  stubs.o ABSOLUTE
    _printf_ll                               0x00000000   Number         0  stubs.o ABSOLUTE
    _printf_lld                              0x00000000   Number         0  stubs.o ABSOLUTE
    _printf_lli                              0x00000000   Number         0  stubs.o ABSOLUTE
    _printf_llo                              0x00000000   Number         0  stubs.o ABSOLUTE
    _printf_llu                              0x00000000   Number         0  stubs.o ABSOLUTE
    _printf_llx                              0x00000000   Number         0  stubs.o ABSOLUTE
    _printf_longlong_dec                     0x00000000   Number         0  stubs.o ABSOLUTE
    _printf_longlong_hex                     0x00000000   Number         0  stubs.o ABSOLUTE
    _printf_longlong_oct                     0x00000000   Number         0  stubs.o ABSOLUTE
    _printf_ls                               0x00000000   Number         0  stubs.o ABSOLUTE
    _printf_mbtowc                           0x00000000   Number         0  stubs.o ABSOLUTE
    _printf_n                                0x00000000   Number         0  stubs.o ABSOLUTE
    _printf_o                                0x00000000   Number         0  stubs.o ABSOLUTE
    _printf_p                                0x00000000   Number         0  stubs.o ABSOLUTE
    _printf_percent                          0x00000000   Number         0  stubs.o ABSOLUTE
    _printf_pre_padding                      0x00000000   Number         0  stubs.o ABSOLUTE
    _printf_return_value                     0x00000000   Number         0  stubs.o ABSOLUTE
    _printf_s                                0x00000000   Number         0  stubs.o ABSOLUTE
    _printf_sizespec                         0x00000000   Number         0  stubs.o ABSOLUTE
    _printf_str                              0x00000000   Number         0  stubs.o ABSOLUTE
    _printf_truncate_signed                  0x00000000   Number         0  stubs.o ABSOLUTE
    _printf_truncate_unsigned                0x00000000   Number         0  stubs.o ABSOLUTE
    _printf_u                                0x00000000   Number         0  stubs.o ABSOLUTE
    _printf_wc                               0x00000000   Number         0  stubs.o ABSOLUTE
    _printf_wctomb                           0x00000000   Number         0  stubs.o ABSOLUTE
    _printf_widthprec                        0x00000000   Number         0  stubs.o ABSOLUTE
    _printf_x                                0x00000000   Number         0  stubs.o ABSOLUTE
    __cpp_initialize__aeabi_                  - Undefined Weak Reference
    __cxa_finalize                            - Undefined Weak Reference
    __decompress                              - Undefined Weak Reference
    _clock_init                               - Undefined Weak Reference
    _microlib_exit                            - Undefined Weak Reference
    __Vectors_Size                           0x00000188   Number         0  startup_stm32f405xx.o ABSOLUTE
    __Vectors                                0x08000000   Data           4  startup_stm32f405xx.o(RESET)
    __Vectors_End                            0x08000188   Data           0  startup_stm32f405xx.o(RESET)
    __main                                   0x08000189   Thumb Code     0  entry.o(.ARM.Collect$$$$00000000)
    _main_stk                                0x08000189   Thumb Code     0  entry2.o(.ARM.Collect$$$$00000001)
    _main_scatterload                        0x0800018d   Thumb Code     0  entry5.o(.ARM.Collect$$$$00000004)
    __main_after_scatterload                 0x08000191   Thumb Code     0  entry5.o(.ARM.Collect$$$$00000004)
    _main_clock                              0x08000191   Thumb Code     0  entry7b.o(.ARM.Collect$$$$00000008)
    _main_cpp_init                           0x08000191   Thumb Code     0  entry8b.o(.ARM.Collect$$$$0000000A)
    _main_init                               0x08000191   Thumb Code     0  entry9a.o(.ARM.Collect$$$$0000000B)
    __rt_final_cpp                           0x08000199   Thumb Code     0  entry10a.o(.ARM.Collect$$$$0000000D)
    __rt_final_exit                          0x08000199   Thumb Code     0  entry11a.o(.ARM.Collect$$$$0000000F)
    SVC_Handler                              0x0800019d   Thumb Code    28  port.o(.emb_text)
    __asm___6_port_c_39a90d8d__prvStartFirstTask 0x080001bd   Thumb Code    28  port.o(.emb_text)
    __asm___6_port_c_39a90d8d__prvEnableVFP  0x080001dd   Thumb Code    16  port.o(.emb_text)
    PendSV_Handler                           0x080001f1   Thumb Code    92  port.o(.emb_text)
    vPortGetIPSR                             0x08000251   Thumb Code     6  port.o(.emb_text)
    Reset_Handler                            0x08000259   Thumb Code     8  startup_stm32f405xx.o(.text)
    ADC_IRQHandler                           0x08000273   Thumb Code     0  startup_stm32f405xx.o(.text)
    CAN1_RX1_IRQHandler                      0x08000273   Thumb Code     0  startup_stm32f405xx.o(.text)
    CAN1_SCE_IRQHandler                      0x08000273   Thumb Code     0  startup_stm32f405xx.o(.text)
    CAN1_TX_IRQHandler                       0x08000273   Thumb Code     0  startup_stm32f405xx.o(.text)
    CAN2_RX0_IRQHandler                      0x08000273   Thumb Code     0  startup_stm32f405xx.o(.text)
    CAN2_RX1_IRQHandler                      0x08000273   Thumb Code     0  startup_stm32f405xx.o(.text)
    CAN2_SCE_IRQHandler                      0x08000273   Thumb Code     0  startup_stm32f405xx.o(.text)
    CAN2_TX_IRQHandler                       0x08000273   Thumb Code     0  startup_stm32f405xx.o(.text)
    DMA1_Stream0_IRQHandler                  0x08000273   Thumb Code     0  startup_stm32f405xx.o(.text)
    DMA1_Stream1_IRQHandler                  0x08000273   Thumb Code     0  startup_stm32f405xx.o(.text)
    DMA1_Stream2_IRQHandler                  0x08000273   Thumb Code     0  startup_stm32f405xx.o(.text)
    DMA1_Stream3_IRQHandler                  0x08000273   Thumb Code     0  startup_stm32f405xx.o(.text)
    DMA1_Stream4_IRQHandler                  0x08000273   Thumb Code     0  startup_stm32f405xx.o(.text)
    DMA1_Stream5_IRQHandler                  0x08000273   Thumb Code     0  startup_stm32f405xx.o(.text)
    DMA1_Stream6_IRQHandler                  0x08000273   Thumb Code     0  startup_stm32f405xx.o(.text)
    DMA1_Stream7_IRQHandler                  0x08000273   Thumb Code     0  startup_stm32f405xx.o(.text)
    DMA2_Stream0_IRQHandler                  0x08000273   Thumb Code     0  startup_stm32f405xx.o(.text)
    DMA2_Stream1_IRQHandler                  0x08000273   Thumb Code     0  startup_stm32f405xx.o(.text)
    DMA2_Stream2_IRQHandler                  0x08000273   Thumb Code     0  startup_stm32f405xx.o(.text)
    DMA2_Stream3_IRQHandler                  0x08000273   Thumb Code     0  startup_stm32f405xx.o(.text)
    DMA2_Stream4_IRQHandler                  0x08000273   Thumb Code     0  startup_stm32f405xx.o(.text)
    DMA2_Stream5_IRQHandler                  0x08000273   Thumb Code     0  startup_stm32f405xx.o(.text)
    DMA2_Stream6_IRQHandler                  0x08000273   Thumb Code     0  startup_stm32f405xx.o(.text)
    DMA2_Stream7_IRQHandler                  0x08000273   Thumb Code     0  startup_stm32f405xx.o(.text)
    EXTI0_IRQHandler                         0x08000273   Thumb Code     0  startup_stm32f405xx.o(.text)
    EXTI15_10_IRQHandler                     0x08000273   Thumb Code     0  startup_stm32f405xx.o(.text)
    EXTI2_IRQHandler                         0x08000273   Thumb Code     0  startup_stm32f405xx.o(.text)
    EXTI3_IRQHandler                         0x08000273   Thumb Code     0  startup_stm32f405xx.o(.text)
    EXTI4_IRQHandler                         0x08000273   Thumb Code     0  startup_stm32f405xx.o(.text)
    EXTI9_5_IRQHandler                       0x08000273   Thumb Code     0  startup_stm32f405xx.o(.text)
    FLASH_IRQHandler                         0x08000273   Thumb Code     0  startup_stm32f405xx.o(.text)
    FMC_IRQHandler                           0x08000273   Thumb Code     0  startup_stm32f405xx.o(.text)
    FPU_IRQHandler                           0x08000273   Thumb Code     0  startup_stm32f405xx.o(.text)
    HASH_RNG_IRQHandler                      0x08000273   Thumb Code     0  startup_stm32f405xx.o(.text)
    I2C1_ER_IRQHandler                       0x08000273   Thumb Code     0  startup_stm32f405xx.o(.text)
    I2C1_EV_IRQHandler                       0x08000273   Thumb Code     0  startup_stm32f405xx.o(.text)
    I2C2_ER_IRQHandler                       0x08000273   Thumb Code     0  startup_stm32f405xx.o(.text)
    I2C2_EV_IRQHandler                       0x08000273   Thumb Code     0  startup_stm32f405xx.o(.text)
    I2C3_ER_IRQHandler                       0x08000273   Thumb Code     0  startup_stm32f405xx.o(.text)
    I2C3_EV_IRQHandler                       0x08000273   Thumb Code     0  startup_stm32f405xx.o(.text)
    OTG_FS_IRQHandler                        0x08000273   Thumb Code     0  startup_stm32f405xx.o(.text)
    OTG_FS_WKUP_IRQHandler                   0x08000273   Thumb Code     0  startup_stm32f405xx.o(.text)
    OTG_HS_EP1_IN_IRQHandler                 0x08000273   Thumb Code     0  startup_stm32f405xx.o(.text)
    OTG_HS_EP1_OUT_IRQHandler                0x08000273   Thumb Code     0  startup_stm32f405xx.o(.text)
    OTG_HS_IRQHandler                        0x08000273   Thumb Code     0  startup_stm32f405xx.o(.text)
    OTG_HS_WKUP_IRQHandler                   0x08000273   Thumb Code     0  startup_stm32f405xx.o(.text)
    PVD_IRQHandler                           0x08000273   Thumb Code     0  startup_stm32f405xx.o(.text)
    RCC_IRQHandler                           0x08000273   Thumb Code     0  startup_stm32f405xx.o(.text)
    RTC_Alarm_IRQHandler                     0x08000273   Thumb Code     0  startup_stm32f405xx.o(.text)
    RTC_WKUP_IRQHandler                      0x08000273   Thumb Code     0  startup_stm32f405xx.o(.text)
    SDIO_IRQHandler                          0x08000273   Thumb Code     0  startup_stm32f405xx.o(.text)
    SPI1_IRQHandler                          0x08000273   Thumb Code     0  startup_stm32f405xx.o(.text)
    SPI2_IRQHandler                          0x08000273   Thumb Code     0  startup_stm32f405xx.o(.text)
    SPI3_IRQHandler                          0x08000273   Thumb Code     0  startup_stm32f405xx.o(.text)
    TAMP_STAMP_IRQHandler                    0x08000273   Thumb Code     0  startup_stm32f405xx.o(.text)
    TIM1_BRK_TIM9_IRQHandler                 0x08000273   Thumb Code     0  startup_stm32f405xx.o(.text)
    TIM1_CC_IRQHandler                       0x08000273   Thumb Code     0  startup_stm32f405xx.o(.text)
    TIM1_TRG_COM_TIM11_IRQHandler            0x08000273   Thumb Code     0  startup_stm32f405xx.o(.text)
    TIM1_UP_TIM10_IRQHandler                 0x08000273   Thumb Code     0  startup_stm32f405xx.o(.text)
    TIM4_IRQHandler                          0x08000273   Thumb Code     0  startup_stm32f405xx.o(.text)
    TIM5_IRQHandler                          0x08000273   Thumb Code     0  startup_stm32f405xx.o(.text)
    TIM6_DAC_IRQHandler                      0x08000273   Thumb Code     0  startup_stm32f405xx.o(.text)
    TIM7_IRQHandler                          0x08000273   Thumb Code     0  startup_stm32f405xx.o(.text)
    TIM8_BRK_TIM12_IRQHandler                0x08000273   Thumb Code     0  startup_stm32f405xx.o(.text)
    TIM8_CC_IRQHandler                       0x08000273   Thumb Code     0  startup_stm32f405xx.o(.text)
    TIM8_UP_TIM13_IRQHandler                 0x08000273   Thumb Code     0  startup_stm32f405xx.o(.text)
    UART4_IRQHandler                         0x08000273   Thumb Code     0  startup_stm32f405xx.o(.text)
    UART5_IRQHandler                         0x08000273   Thumb Code     0  startup_stm32f405xx.o(.text)
    USART2_IRQHandler                        0x08000273   Thumb Code     0  startup_stm32f405xx.o(.text)
    USART6_IRQHandler                        0x08000273   Thumb Code     0  startup_stm32f405xx.o(.text)
    WWDG_IRQHandler                          0x08000273   Thumb Code     0  startup_stm32f405xx.o(.text)
    __aeabi_uldivmod                         0x0800027d   Thumb Code    98  uldiv.o(.text)
    __aeabi_memcpy                           0x080002df   Thumb Code    36  memcpya.o(.text)
    __aeabi_memcpy4                          0x080002df   Thumb Code     0  memcpya.o(.text)
    __aeabi_memcpy8                          0x080002df   Thumb Code     0  memcpya.o(.text)
    __aeabi_memset                           0x08000303   Thumb Code    14  memseta.o(.text)
    __aeabi_memset4                          0x08000303   Thumb Code     0  memseta.o(.text)
    __aeabi_memset8                          0x08000303   Thumb Code     0  memseta.o(.text)
    __aeabi_memclr                           0x08000311   Thumb Code     4  memseta.o(.text)
    __aeabi_memclr4                          0x08000311   Thumb Code     0  memseta.o(.text)
    __aeabi_memclr8                          0x08000311   Thumb Code     0  memseta.o(.text)
    _memset$wrapper                          0x08000315   Thumb Code    18  memseta.o(.text)
    strstr                                   0x08000327   Thumb Code    36  strstr.o(.text)
    strspn                                   0x0800034b   Thumb Code    28  strspn.o(.text)
    strcspn                                  0x08000367   Thumb Code    34  strcspn.o(.text)
    atoi                                     0x08000389   Thumb Code    26  atoi.o(.text)
    __aeabi_d2f                              0x080003a3   Thumb Code    56  d2f.o(.text)
    __aeabi_llsl                             0x080003db   Thumb Code    30  llshl.o(.text)
    _ll_shift_l                              0x080003db   Thumb Code     0  llshl.o(.text)
    __aeabi_llsr                             0x080003f9   Thumb Code    32  llushr.o(.text)
    _ll_ushift_r                             0x080003f9   Thumb Code     0  llushr.o(.text)
    __strtod_int                             0x0800044f   Thumb Code    90  strtod.o(.text)
    strtol                                   0x080004b5   Thumb Code   112  strtol.o(.text)
    __I$use$fp                               0x08000525   Thumb Code     0  iusefp.o(.text)
    _float_round                             0x08000525   Thumb Code    18  fepilogue.o(.text)
    _float_epilogue                          0x08000537   Thumb Code    92  fepilogue.o(.text)
    __aeabi_dmul                             0x08000593   Thumb Code   228  dmul.o(.text)
    __aeabi_ddiv                             0x08000677   Thumb Code   222  ddiv.o(.text)
    __scatterload                            0x08000755   Thumb Code    28  init.o(.text)
    __scatterload_rt2                        0x08000755   Thumb Code     0  init.o(.text)
    __rt_ctype_table                         0x08000779   Thumb Code     4  ctype_o.o(.text)
    isspace                                  0x08000781   Thumb Code    18  isspace_o.o(.text)
    _scanf_real                              0x080008bd   Thumb Code     0  scanf_fp.o(.text)
    _scanf_really_real                       0x080008bd   Thumb Code   556  scanf_fp.o(.text)
    _sgetc                                   0x08000af5   Thumb Code    30  _sgetc.o(.text)
    _sbackspace                              0x08000b13   Thumb Code    34  _sgetc.o(.text)
    _strtoul                                 0x08000b35   Thumb Code   158  _strtoul.o(.text)
    _double_round                            0x08000bd3   Thumb Code    30  depilogue.o(.text)
    _double_epilogue                         0x08000bf1   Thumb Code   156  depilogue.o(.text)
    _chval                                   0x08000c8d   Thumb Code    28  _chval.o(.text)
    __aeabi_ul2d                             0x08000ca9   Thumb Code    24  dfltul.o(.text)
    BusFault_Handler                         0x08000cc1   Thumb Code     2  stm32f4xx_it.o(i.BusFault_Handler)
    CAN1_RX0_IRQHandler                      0x08000cc5   Thumb Code   238  stm32f4xx_it.o(i.CAN1_RX0_IRQHandler)
    CAN_Filter                               0x08000df1   Thumb Code    88  can.o(i.CAN_Filter)
    Clr_Buff                                 0x08000e4d   Thumb Code    34  sim900a.o(i.Clr_Buff)
    Clr_Buff2                                0x08000e79   Thumb Code    38  freertos.o(i.Clr_Buff2)
    DebugMon_Handler                         0x08000ea9   Thumb Code     2  stm32f4xx_it.o(i.DebugMon_Handler)
    EXTI1_IRQHandler                         0x08000eab   Thumb Code     6  stm32f4xx_it.o(i.EXTI1_IRQHandler)
    Error_Handler                            0x08000eb1   Thumb Code     2  main.o(i.Error_Handler)
    HAL_CAN_ActivateNotification             0x08000eb3   Thumb Code    40  stm32f4xx_hal_can.o(i.HAL_CAN_ActivateNotification)
    HAL_CAN_AddTxMessage                     0x08000edb   Thumb Code   200  stm32f4xx_hal_can.o(i.HAL_CAN_AddTxMessage)
    HAL_CAN_ConfigFilter                     0x08000fa5   Thumb Code   262  stm32f4xx_hal_can.o(i.HAL_CAN_ConfigFilter)
    HAL_CAN_ErrorCallback                    0x080010b1   Thumb Code     2  stm32f4xx_hal_can.o(i.HAL_CAN_ErrorCallback)
    HAL_CAN_GetRxMessage                     0x080010b3   Thumb Code   250  stm32f4xx_hal_can.o(i.HAL_CAN_GetRxMessage)
    HAL_CAN_IRQHandler                       0x080011ad   Thumb Code   508  stm32f4xx_hal_can.o(i.HAL_CAN_IRQHandler)
    HAL_CAN_Init                             0x080013a9   Thumb Code   282  stm32f4xx_hal_can.o(i.HAL_CAN_Init)
    HAL_CAN_MspInit                          0x080014c5   Thumb Code   110  can.o(i.HAL_CAN_MspInit)
    HAL_CAN_RxFifo0FullCallback              0x08001541   Thumb Code     2  stm32f4xx_hal_can.o(i.HAL_CAN_RxFifo0FullCallback)
    HAL_CAN_RxFifo0MsgPendingCallback        0x08001543   Thumb Code     2  stm32f4xx_hal_can.o(i.HAL_CAN_RxFifo0MsgPendingCallback)
    HAL_CAN_RxFifo1FullCallback              0x08001545   Thumb Code     2  stm32f4xx_hal_can.o(i.HAL_CAN_RxFifo1FullCallback)
    HAL_CAN_RxFifo1MsgPendingCallback        0x08001547   Thumb Code     2  stm32f4xx_hal_can.o(i.HAL_CAN_RxFifo1MsgPendingCallback)
    HAL_CAN_SleepCallback                    0x08001549   Thumb Code     2  stm32f4xx_hal_can.o(i.HAL_CAN_SleepCallback)
    HAL_CAN_Start                            0x0800154d   Thumb Code    88  stm32f4xx_hal_can.o(i.HAL_CAN_Start)
    HAL_CAN_TxMailbox0AbortCallback          0x080015a5   Thumb Code     2  stm32f4xx_hal_can.o(i.HAL_CAN_TxMailbox0AbortCallback)
    HAL_CAN_TxMailbox0CompleteCallback       0x080015a7   Thumb Code     2  stm32f4xx_hal_can.o(i.HAL_CAN_TxMailbox0CompleteCallback)
    HAL_CAN_TxMailbox1AbortCallback          0x080015a9   Thumb Code     2  stm32f4xx_hal_can.o(i.HAL_CAN_TxMailbox1AbortCallback)
    HAL_CAN_TxMailbox1CompleteCallback       0x080015ab   Thumb Code     2  stm32f4xx_hal_can.o(i.HAL_CAN_TxMailbox1CompleteCallback)
    HAL_CAN_TxMailbox2AbortCallback          0x080015ad   Thumb Code     2  stm32f4xx_hal_can.o(i.HAL_CAN_TxMailbox2AbortCallback)
    HAL_CAN_TxMailbox2CompleteCallback       0x080015af   Thumb Code     2  stm32f4xx_hal_can.o(i.HAL_CAN_TxMailbox2CompleteCallback)
    HAL_CAN_WakeUpFromRxMsgCallback          0x080015b1   Thumb Code     2  stm32f4xx_hal_can.o(i.HAL_CAN_WakeUpFromRxMsgCallback)
    HAL_DMA_Abort_IT                         0x080015b3   Thumb Code    36  stm32f4xx_hal_dma.o(i.HAL_DMA_Abort_IT)
    HAL_Delay                                0x080015d9   Thumb Code    32  stm32f4xx_hal.o(i.HAL_Delay)
    HAL_GPIO_EXTI_Callback                   0x080015fd   Thumb Code     2  stm32f4xx_hal_gpio.o(i.HAL_GPIO_EXTI_Callback)
    HAL_GPIO_EXTI_IRQHandler                 0x08001601   Thumb Code    18  stm32f4xx_hal_gpio.o(i.HAL_GPIO_EXTI_IRQHandler)
    HAL_GPIO_Init                            0x08001619   Thumb Code   388  stm32f4xx_hal_gpio.o(i.HAL_GPIO_Init)
    HAL_GPIO_ReadPin                         0x080017c9   Thumb Code    10  stm32f4xx_hal_gpio.o(i.HAL_GPIO_ReadPin)
    HAL_GetTick                              0x080017d5   Thumb Code     6  stm32f4xx_hal.o(i.HAL_GetTick)
    HAL_IncTick                              0x080017e1   Thumb Code    12  stm32f4xx_hal.o(i.HAL_IncTick)
    HAL_Init                                 0x080017f1   Thumb Code    48  stm32f4xx_hal.o(i.HAL_Init)
    HAL_InitTick                             0x08001825   Thumb Code   100  stm32f4xx_hal_timebase_tim.o(i.HAL_InitTick)
    HAL_MspInit                              0x08001899   Thumb Code    52  stm32f4xx_hal_msp.o(i.HAL_MspInit)
    HAL_NVIC_EnableIRQ                       0x080018d1   Thumb Code    22  stm32f4xx_hal_cortex.o(i.HAL_NVIC_EnableIRQ)
    HAL_NVIC_SetPriority                     0x080018e9   Thumb Code    60  stm32f4xx_hal_cortex.o(i.HAL_NVIC_SetPriority)
    HAL_NVIC_SetPriorityGrouping             0x08001929   Thumb Code    26  stm32f4xx_hal_cortex.o(i.HAL_NVIC_SetPriorityGrouping)
    HAL_RCC_ClockConfig                      0x0800194d   Thumb Code   286  stm32f4xx_hal_rcc.o(i.HAL_RCC_ClockConfig)
    HAL_RCC_GetClockConfig                   0x08001a7d   Thumb Code    54  stm32f4xx_hal_rcc.o(i.HAL_RCC_GetClockConfig)
    HAL_RCC_GetPCLK1Freq                     0x08001abd   Thumb Code    20  stm32f4xx_hal_rcc.o(i.HAL_RCC_GetPCLK1Freq)
    HAL_RCC_GetPCLK2Freq                     0x08001add   Thumb Code    20  stm32f4xx_hal_rcc.o(i.HAL_RCC_GetPCLK2Freq)
    HAL_RCC_GetSysClockFreq                  0x08001afd   Thumb Code    88  stm32f4xx_hal_rcc.o(i.HAL_RCC_GetSysClockFreq)
    HAL_RCC_OscConfig                        0x08001b61   Thumb Code   770  stm32f4xx_hal_rcc.o(i.HAL_RCC_OscConfig)
    HAL_TIMEx_BreakCallback                  0x08001e7d   Thumb Code     2  stm32f4xx_hal_tim_ex.o(i.HAL_TIMEx_BreakCallback)
    HAL_TIMEx_CommutationCallback            0x08001e7f   Thumb Code     2  stm32f4xx_hal_tim_ex.o(i.HAL_TIMEx_CommutationCallback)
    HAL_TIMEx_MasterConfigSynchronization    0x08001e81   Thumb Code    80  stm32f4xx_hal_tim_ex.o(i.HAL_TIMEx_MasterConfigSynchronization)
    HAL_TIM_Base_Init                        0x08001ed1   Thumb Code    54  stm32f4xx_hal_tim.o(i.HAL_TIM_Base_Init)
    HAL_TIM_Base_MspInit                     0x08001f09   Thumb Code    86  tim.o(i.HAL_TIM_Base_MspInit)
    HAL_TIM_Base_Start_IT                    0x08001f69   Thumb Code    24  stm32f4xx_hal_tim.o(i.HAL_TIM_Base_Start_IT)
    HAL_TIM_ConfigClockSource                0x08001f81   Thumb Code   242  stm32f4xx_hal_tim.o(i.HAL_TIM_ConfigClockSource)
    HAL_TIM_IC_CaptureCallback               0x08002073   Thumb Code     2  stm32f4xx_hal_tim.o(i.HAL_TIM_IC_CaptureCallback)
    HAL_TIM_IRQHandler                       0x08002075   Thumb Code   358  stm32f4xx_hal_tim.o(i.HAL_TIM_IRQHandler)
    HAL_TIM_OC_DelayElapsedCallback          0x080021db   Thumb Code     2  stm32f4xx_hal_tim.o(i.HAL_TIM_OC_DelayElapsedCallback)
    HAL_TIM_PWM_PulseFinishedCallback        0x080021dd   Thumb Code     2  stm32f4xx_hal_tim.o(i.HAL_TIM_PWM_PulseFinishedCallback)
    HAL_TIM_PeriodElapsedCallback            0x080021e1   Thumb Code    14  main.o(i.HAL_TIM_PeriodElapsedCallback)
    HAL_TIM_TriggerCallback                  0x080021f5   Thumb Code     2  stm32f4xx_hal_tim.o(i.HAL_TIM_TriggerCallback)
    HAL_UART_ErrorCallback                   0x080021f7   Thumb Code     2  stm32f4xx_hal_uart.o(i.HAL_UART_ErrorCallback)
    HAL_UART_IRQHandler                      0x080021f9   Thumb Code   266  stm32f4xx_hal_uart.o(i.HAL_UART_IRQHandler)
    HAL_UART_Init                            0x08002309   Thumb Code    98  stm32f4xx_hal_uart.o(i.HAL_UART_Init)
    HAL_UART_MspInit                         0x0800236d   Thumb Code   174  usart.o(i.HAL_UART_MspInit)
    HAL_UART_Receive_IT                      0x08002431   Thumb Code    72  stm32f4xx_hal_uart.o(i.HAL_UART_Receive_IT)
    HAL_UART_RxCpltCallback                  0x08002479   Thumb Code     2  stm32f4xx_hal_uart.o(i.HAL_UART_RxCpltCallback)
    HAL_UART_Transmit                        0x0800247b   Thumb Code   186  stm32f4xx_hal_uart.o(i.HAL_UART_Transmit)
    HAL_UART_TxCpltCallback                  0x08002535   Thumb Code     2  stm32f4xx_hal_uart.o(i.HAL_UART_TxCpltCallback)
    HardFault_Handler                        0x08002537   Thumb Code     2  stm32f4xx_it.o(i.HardFault_Handler)
    MX_CAN1_Init                             0x08002539   Thumb Code    62  can.o(i.MX_CAN1_Init)
    MX_FREERTOS_Init                         0x08002581   Thumb Code    74  freertos.o(i.MX_FREERTOS_Init)
    MX_GPIO_Init                             0x080025d5   Thumb Code   120  gpio.o(i.MX_GPIO_Init)
    MX_TIM2_Init                             0x0800265d   Thumb Code    88  tim.o(i.MX_TIM2_Init)
    MX_TIM3_Init                             0x080026b9   Thumb Code    92  tim.o(i.MX_TIM3_Init)
    MX_USART1_UART_Init                      0x0800271d   Thumb Code    48  usart.o(i.MX_USART1_UART_Init)
    MX_USART3_UART_Init                      0x08002755   Thumb Code    48  usart.o(i.MX_USART3_UART_Init)
    MemManage_Handler                        0x0800278d   Thumb Code     2  stm32f4xx_it.o(i.MemManage_Handler)
    NMI_Handler                              0x0800278f   Thumb Code     2  stm32f4xx_it.o(i.NMI_Handler)
    ReadLastData                             0x080027b1   Thumb Code   544  sim900a.o(i.ReadLastData)
    SIM900A_Init                             0x08002aa9   Thumb Code   166  sim900a.o(i.SIM900A_Init)
    StartAndroidTask                         0x08002bb5   Thumb Code   446  freertos.o(i.StartAndroidTask)
    StartCanTask                             0x08002df5   Thumb Code    26  freertos.o(i.StartCanTask)
    StartGsmTask                             0x08002e15   Thumb Code    88  freertos.o(i.StartGsmTask)
    SysTick_Handler                          0x08002e89   Thumb Code    38  port.o(i.SysTick_Handler)
    SystemClock_Config                       0x08002eb5   Thumb Code   124  main.o(i.SystemClock_Config)
    SystemInit                               0x08002f39   Thumb Code    66  system_stm32f4xx.o(i.SystemInit)
    TIM2_IRQHandler                          0x08002f8d   Thumb Code     6  stm32f4xx_it.o(i.TIM2_IRQHandler)
    TIM3_IRQHandler                          0x08002f99   Thumb Code     6  stm32f4xx_it.o(i.TIM3_IRQHandler)
    TIM8_TRG_COM_TIM14_IRQHandler            0x08002fa5   Thumb Code     6  stm32f4xx_it.o(i.TIM8_TRG_COM_TIM14_IRQHandler)
    TIM_Base_SetConfig                       0x08002fb1   Thumb Code   148  stm32f4xx_hal_tim.o(i.TIM_Base_SetConfig)
    USART1_IRQHandler                        0x08003509   Thumb Code     6  stm32f4xx_it.o(i.USART1_IRQHandler)
    USART3_IRQHandler                        0x08003515   Thumb Code    38  stm32f4xx_it.o(i.USART3_IRQHandler)
    UsageFault_Handler                       0x0800354d   Thumb Code     2  stm32f4xx_it.o(i.UsageFault_Handler)
    __0printf$8                              0x08003551   Thumb Code    22  printf8.o(i.__0printf$8)
    __1printf$8                              0x08003551   Thumb Code     0  printf8.o(i.__0printf$8)
    __2printf                                0x08003551   Thumb Code     0  printf8.o(i.__0printf$8)
    __0sprintf$8                             0x08003571   Thumb Code    34  printf8.o(i.__0sprintf$8)
    __1sprintf$8                             0x08003571   Thumb Code     0  printf8.o(i.__0sprintf$8)
    __2sprintf                               0x08003571   Thumb Code     0  printf8.o(i.__0sprintf$8)
    __aeabi_errno_addr                       0x08003599   Thumb Code     4  errno.o(i.__aeabi_errno_addr)
    __rt_errno_addr                          0x08003599   Thumb Code     0  errno.o(i.__aeabi_errno_addr)
    __hardfp_atof                            0x080035a1   Thumb Code    44  atof.o(i.__hardfp_atof)
    __read_errno                             0x080035d9   Thumb Code     6  errno.o(i.__read_errno)
    __scatterload_copy                       0x080035e5   Thumb Code    14  handlers.o(i.__scatterload_copy)
    __scatterload_null                       0x080035f3   Thumb Code     2  handlers.o(i.__scatterload_null)
    __scatterload_zeroinit                   0x080035f5   Thumb Code    14  handlers.o(i.__scatterload_zeroinit)
    __set_errno                              0x08003605   Thumb Code     6  errno.o(i.__set_errno)
    _is_digit                                0x08003611   Thumb Code    14  scanf_fp.o(i._is_digit)
    fputc                                    0x08003a8d   Thumb Code    20  sim900a.o(i.fputc)
    gsmStatus                                0x08003aa5   Thumb Code    62  sim900a.o(i.gsmStatus)
    input_handler                            0x08003b01   Thumb Code    78  freertos.o(i.input_handler)
    main                                     0x08003b61   Thumb Code    70  main.o(i.main)
    osDelay                                  0x08003bc1   Thumb Code    14  cmsis_os.o(i.osDelay)
    osKernelStart                            0x08003bcf   Thumb Code    10  cmsis_os.o(i.osKernelStart)
    osThreadCreate                           0x08003bd9   Thumb Code    46  cmsis_os.o(i.osThreadCreate)
    pvPortMalloc                             0x08003f45   Thumb Code   210  heap_4.o(i.pvPortMalloc)
    pxPortInitialiseStack                    0x0800401d   Thumb Code    40  port.o(i.pxPortInitialiseStack)
    uxListRemove                             0x08004049   Thumb Code    36  list.o(i.uxListRemove)
    vListInitialise                          0x0800406d   Thumb Code    22  list.o(i.vListInitialise)
    vListInitialiseItem                      0x08004083   Thumb Code     6  list.o(i.vListInitialiseItem)
    vListInsert                              0x08004089   Thumb Code    48  list.o(i.vListInsert)
    vListInsertEnd                           0x080040b9   Thumb Code    24  list.o(i.vListInsertEnd)
    vPortEnterCritical                       0x080040d1   Thumb Code    54  port.o(i.vPortEnterCritical)
    vPortExitCritical                        0x08004111   Thumb Code    34  port.o(i.vPortExitCritical)
    vPortFree                                0x08004139   Thumb Code    88  heap_4.o(i.vPortFree)
    vPortSetupTimerInterrupt                 0x08004195   Thumb Code    26  port.o(i.vPortSetupTimerInterrupt)
    vTaskDelay                               0x080041b5   Thumb Code    66  tasks.o(i.vTaskDelay)
    vTaskStartScheduler                      0x08004201   Thumb Code    86  tasks.o(i.vTaskStartScheduler)
    vTaskSuspendAll                          0x08004269   Thumb Code    10  tasks.o(i.vTaskSuspendAll)
    vTaskSwitchContext                       0x08004279   Thumb Code    82  tasks.o(i.vTaskSwitchContext)
    xPortStartScheduler                      0x080042d5   Thumb Code   202  port.o(i.xPortStartScheduler)
    xTaskCreate                              0x080043b5   Thumb Code    86  tasks.o(i.xTaskCreate)
    xTaskIncrementTick                       0x0800440d   Thumb Code   192  tasks.o(i.xTaskIncrementTick)
    xTaskResumeAll                           0x080044d5   Thumb Code   182  tasks.o(i.xTaskResumeAll)
    AHBPrescTable                            0x080045d4   Data          16  system_stm32f4xx.o(.constdata)
    APBPrescTable                            0x080045e4   Data           8  system_stm32f4xx.o(.constdata)
    __ctype_table                            0x080045ec   Data         129  ctype_o.o(.constdata)
    Region$$Table$$Base                      0x08004734   Number         0  anon$$obj.o(Region$$Table)
    Region$$Table$$Limit                     0x08004754   Number         0  anon$$obj.o(Region$$Table)
    packSOC                                  0x20000000   Data           4  main.o(.data)
    lowestVolt                               0x20000004   Data           4  main.o(.data)
    right                                    0x20000008   Data           1  main.o(.data)
    left                                     0x20000009   Data           1  main.o(.data)
    lamp                                     0x2000000a   Data           1  main.o(.data)
    totalVolt                                0x2000000b   Data           1  main.o(.data)
    mode                                     0x2000000c   Data           4  main.o(.data)
    rx_index2                                0x20000010   Data           4  main.o(.data)
    a                                        0x20000014   Data           4  main.o(.data)
    b                                        0x20000018   Data           4  main.o(.data)
    c                                        0x2000001c   Data           4  main.o(.data)
    current                                  0x20000020   Data           2  main.o(.data)
    temperature                              0x20000022   Data           8  main.o(.data)
    motorCurrent                             0x2000002a   Data           2  main.o(.data)
    controllerTemperature                    0x2000002c   Data           2  main.o(.data)
    rpm                                      0x2000002e   Data           2  main.o(.data)
    errorCode                                0x20000030   Data           1  main.o(.data)
    motorTemperature                         0x20000032   Data           2  main.o(.data)
    d_battCurrentController                  0x20000034   Data           2  main.o(.data)
    totalVoltController                      0x20000036   Data           2  main.o(.data)
    n                                        0x20000038   Data           4  main.o(.data)
    TxData                                   0x2000003c   Data           8  can.o(.data)
    RxData                                   0x20000044   Data           8  can.o(.data)
    TxMailbox                                0x2000004c   Data           4  can.o(.data)
    flagEngine                               0x20000050   Data           1  freertos.o(.data)
    count                                    0x20000054   Data           4  freertos.o(.data)
    state                                    0x20000058   Data           4  freertos.o(.data)
    androidTaskHandle                        0x2000005c   Data           4  freertos.o(.data)
    gsmTaskHandle                            0x20000060   Data           4  freertos.o(.data)
    canTaskHandle                            0x20000064   Data           4  freertos.o(.data)
    rx_index                                 0x20000068   Data           1  sim900a.o(.data)
    ok                                       0x20000069   Data           1  sim900a.o(.data)
    try1                                     0x2000006a   Data           1  sim900a.o(.data)
    datapos                                  0x2000006b   Data           1  sim900a.o(.data)
    dataqt                                   0x2000006c   Data           1  sim900a.o(.data)
    lastdata                                 0x20000070   Data           4  sim900a.o(.data)
    pstr                                     0x20000074   Data           4  sim900a.o(.data)
    keys                                     0x20000078   Data          11  sim900a.o(.data)
    rx_data                                  0x20000083   Data           1  sim900a.o(.data)
    uwTickFreq                               0x20000084   Data           1  stm32f4xx_hal.o(.data)
    uwTickPrio                               0x20000088   Data           4  stm32f4xx_hal.o(.data)
    uwTick                                   0x2000008c   Data           4  stm32f4xx_hal.o(.data)
    SystemCoreClock                          0x20000090   Data           4  system_stm32f4xx.o(.data)
    pxCurrentTCB                             0x20000094   Data           4  tasks.o(.data)
    __stdout                                 0x200000f4   Data           4  stdout.o(.data)
    rx_buffer2                               0x200000fc   Data         256  main.o(.bss)
    tx_buffer2                               0x200001fc   Data         512  main.o(.bss)
    TxHeader                                 0x200003fc   Data          24  can.o(.bss)
    hcan1                                    0x20000414   Data          40  can.o(.bss)
    RxHeader                                 0x2000043c   Data          28  can.o(.bss)
    buffSerial                               0x20000458   Data          16  freertos.o(.bss)
    htim2                                    0x20000468   Data          60  tim.o(.bss)
    htim3                                    0x200004a4   Data          60  tim.o(.bss)
    huart1                                   0x200004e0   Data          64  usart.o(.bss)
    huart3                                   0x20000520   Data          64  usart.o(.bss)
    htim14                                   0x20000560   Data          60  stm32f4xx_hal_timebase_tim.o(.bss)
    rx_buffer                                0x2000059c   Data         256  sim900a.o(.bss)
    databuff                                 0x2000069c   Data          10  sim900a.o(.bss)
    __initial_sp                             0x20004b98   Data           0  startup_stm32f405xx.o(STACK)



==============================================================================

Memory Map of the image

  Image Entry point : 0x08000189

  Load Region LR_IROM1 (Base: 0x08000000, Size: 0x00004850, Max: 0x00100000, ABSOLUTE)

    Execution Region ER_IROM1 (Exec base: 0x08000000, Load base: 0x08000000, Size: 0x00004754, Max: 0x00100000, ABSOLUTE)

    Exec Addr    Load Addr    Size         Type   Attr      Idx    E Section Name        Object

    0x08000000   0x08000000   0x00000188   Data   RO            3    RESET               startup_stm32f405xx.o
    0x08000188   0x08000188   0x00000000   Code   RO         4349  * .ARM.Collect$$$$00000000  mc_w.l(entry.o)
    0x08000188   0x08000188   0x00000004   Code   RO         4631    .ARM.Collect$$$$00000001  mc_w.l(entry2.o)
    0x0800018c   0x0800018c   0x00000004   Code   RO         4634    .ARM.Collect$$$$00000004  mc_w.l(entry5.o)
    0x08000190   0x08000190   0x00000000   Code   RO         4636    .ARM.Collect$$$$00000008  mc_w.l(entry7b.o)
    0x08000190   0x08000190   0x00000000   Code   RO         4638    .ARM.Collect$$$$0000000A  mc_w.l(entry8b.o)
    0x08000190   0x08000190   0x00000008   Code   RO         4639    .ARM.Collect$$$$0000000B  mc_w.l(entry9a.o)
    0x08000198   0x08000198   0x00000000   Code   RO         4641    .ARM.Collect$$$$0000000D  mc_w.l(entry10a.o)
    0x08000198   0x08000198   0x00000000   Code   RO         4643    .ARM.Collect$$$$0000000F  mc_w.l(entry11a.o)
    0x08000198   0x08000198   0x00000004   Code   RO         4632    .ARM.Collect$$$$00002712  mc_w.l(entry2.o)
    0x0800019c   0x0800019c   0x000000ba   Code   RO         4266    .emb_text           port.o
    0x08000256   0x08000256   0x00000002   PAD
    0x08000258   0x08000258   0x00000024   Code   RO            4    .text               startup_stm32f405xx.o
    0x0800027c   0x0800027c   0x00000062   Code   RO         4352    .text               mc_w.l(uldiv.o)
    0x080002de   0x080002de   0x00000024   Code   RO         4354    .text               mc_w.l(memcpya.o)
    0x08000302   0x08000302   0x00000024   Code   RO         4356    .text               mc_w.l(memseta.o)
    0x08000326   0x08000326   0x00000024   Code   RO         4358    .text               mc_w.l(strstr.o)
    0x0800034a   0x0800034a   0x0000001c   Code   RO         4360    .text               mc_w.l(strspn.o)
    0x08000366   0x08000366   0x00000022   Code   RO         4362    .text               mc_w.l(strcspn.o)
    0x08000388   0x08000388   0x0000001a   Code   RO         4627    .text               mc_w.l(atoi.o)
    0x080003a2   0x080003a2   0x00000038   Code   RO         4629    .text               mf_w.l(d2f.o)
    0x080003da   0x080003da   0x0000001e   Code   RO         4648    .text               mc_w.l(llshl.o)
    0x080003f8   0x080003f8   0x00000020   Code   RO         4650    .text               mc_w.l(llushr.o)
    0x08000418   0x08000418   0x0000009c   Code   RO         4659    .text               mc_w.l(strtod.o)
    0x080004b4   0x080004b4   0x00000070   Code   RO         4661    .text               mc_w.l(strtol.o)
    0x08000524   0x08000524   0x00000000   Code   RO         4663    .text               mc_w.l(iusefp.o)
    0x08000524   0x08000524   0x0000006e   Code   RO         4664    .text               mf_w.l(fepilogue.o)
    0x08000592   0x08000592   0x000000e4   Code   RO         4668    .text               mf_w.l(dmul.o)
    0x08000676   0x08000676   0x000000de   Code   RO         4670    .text               mf_w.l(ddiv.o)
    0x08000754   0x08000754   0x00000024   Code   RO         4676    .text               mc_w.l(init.o)
    0x08000778   0x08000778   0x00000008   Code   RO         4682    .text               mc_w.l(ctype_o.o)
    0x08000780   0x08000780   0x00000012   Code   RO         4704    .text               mc_w.l(isspace_o.o)
    0x08000792   0x08000792   0x00000002   PAD
    0x08000794   0x08000794   0x00000360   Code   RO         4710    .text               mc_w.l(scanf_fp.o)
    0x08000af4   0x08000af4   0x00000040   Code   RO         4714    .text               mc_w.l(_sgetc.o)
    0x08000b34   0x08000b34   0x0000009e   Code   RO         4716    .text               mc_w.l(_strtoul.o)
    0x08000bd2   0x08000bd2   0x000000ba   Code   RO         4718    .text               mf_w.l(depilogue.o)
    0x08000c8c   0x08000c8c   0x0000001c   Code   RO         4723    .text               mc_w.l(_chval.o)
    0x08000ca8   0x08000ca8   0x00000018   Code   RO         4725    .text               mf_w.l(dfltul.o)
    0x08000cc0   0x08000cc0   0x00000002   Code   RO          512    i.BusFault_Handler  stm32f4xx_it.o
    0x08000cc2   0x08000cc2   0x00000002   PAD
    0x08000cc4   0x08000cc4   0x0000012c   Code   RO          513    i.CAN1_RX0_IRQHandler  stm32f4xx_it.o
    0x08000df0   0x08000df0   0x0000005c   Code   RO          275    i.CAN_Filter        can.o
    0x08000e4c   0x08000e4c   0x0000002c   Code   RO          676    i.Clr_Buff          sim900a.o
    0x08000e78   0x08000e78   0x00000030   Code   RO          327    i.Clr_Buff2         freertos.o
    0x08000ea8   0x08000ea8   0x00000002   Code   RO          514    i.DebugMon_Handler  stm32f4xx_it.o
    0x08000eaa   0x08000eaa   0x00000006   Code   RO          515    i.EXTI1_IRQHandler  stm32f4xx_it.o
    0x08000eb0   0x08000eb0   0x00000002   Code   RO           13    i.Error_Handler     main.o
    0x08000eb2   0x08000eb2   0x00000028   Code   RO          759    i.HAL_CAN_ActivateNotification  stm32f4xx_hal_can.o
    0x08000eda   0x08000eda   0x000000c8   Code   RO          760    i.HAL_CAN_AddTxMessage  stm32f4xx_hal_can.o
    0x08000fa2   0x08000fa2   0x00000002   PAD
    0x08000fa4   0x08000fa4   0x0000010c   Code   RO          761    i.HAL_CAN_ConfigFilter  stm32f4xx_hal_can.o
    0x080010b0   0x080010b0   0x00000002   Code   RO          764    i.HAL_CAN_ErrorCallback  stm32f4xx_hal_can.o
    0x080010b2   0x080010b2   0x000000fa   Code   RO          767    i.HAL_CAN_GetRxMessage  stm32f4xx_hal_can.o
    0x080011ac   0x080011ac   0x000001fc   Code   RO          771    i.HAL_CAN_IRQHandler  stm32f4xx_hal_can.o
    0x080013a8   0x080013a8   0x0000011a   Code   RO          772    i.HAL_CAN_Init      stm32f4xx_hal_can.o
    0x080014c2   0x080014c2   0x00000002   PAD
    0x080014c4   0x080014c4   0x0000007c   Code   RO          277    i.HAL_CAN_MspInit   can.o
    0x08001540   0x08001540   0x00000002   Code   RO          779    i.HAL_CAN_RxFifo0FullCallback  stm32f4xx_hal_can.o
    0x08001542   0x08001542   0x00000002   Code   RO          780    i.HAL_CAN_RxFifo0MsgPendingCallback  stm32f4xx_hal_can.o
    0x08001544   0x08001544   0x00000002   Code   RO          781    i.HAL_CAN_RxFifo1FullCallback  stm32f4xx_hal_can.o
    0x08001546   0x08001546   0x00000002   Code   RO          782    i.HAL_CAN_RxFifo1MsgPendingCallback  stm32f4xx_hal_can.o
    0x08001548   0x08001548   0x00000002   Code   RO          783    i.HAL_CAN_SleepCallback  stm32f4xx_hal_can.o
    0x0800154a   0x0800154a   0x00000002   PAD
    0x0800154c   0x0800154c   0x00000058   Code   RO          784    i.HAL_CAN_Start     stm32f4xx_hal_can.o
    0x080015a4   0x080015a4   0x00000002   Code   RO          786    i.HAL_CAN_TxMailbox0AbortCallback  stm32f4xx_hal_can.o
    0x080015a6   0x080015a6   0x00000002   Code   RO          787    i.HAL_CAN_TxMailbox0CompleteCallback  stm32f4xx_hal_can.o
    0x080015a8   0x080015a8   0x00000002   Code   RO          788    i.HAL_CAN_TxMailbox1AbortCallback  stm32f4xx_hal_can.o
    0x080015aa   0x080015aa   0x00000002   Code   RO          789    i.HAL_CAN_TxMailbox1CompleteCallback  stm32f4xx_hal_can.o
    0x080015ac   0x080015ac   0x00000002   Code   RO          790    i.HAL_CAN_TxMailbox2AbortCallback  stm32f4xx_hal_can.o
    0x080015ae   0x080015ae   0x00000002   Code   RO          791    i.HAL_CAN_TxMailbox2CompleteCallback  stm32f4xx_hal_can.o
    0x080015b0   0x080015b0   0x00000002   Code   RO          793    i.HAL_CAN_WakeUpFromRxMsgCallback  stm32f4xx_hal_can.o
    0x080015b2   0x080015b2   0x00000024   Code   RO         2651    i.HAL_DMA_Abort_IT  stm32f4xx_hal_dma.o
    0x080015d6   0x080015d6   0x00000002   PAD
    0x080015d8   0x080015d8   0x00000024   Code   RO         3069    i.HAL_Delay         stm32f4xx_hal.o
    0x080015fc   0x080015fc   0x00000002   Code   RO         2541    i.HAL_GPIO_EXTI_Callback  stm32f4xx_hal_gpio.o
    0x080015fe   0x080015fe   0x00000002   PAD
    0x08001600   0x08001600   0x00000018   Code   RO         2542    i.HAL_GPIO_EXTI_IRQHandler  stm32f4xx_hal_gpio.o
    0x08001618   0x08001618   0x000001b0   Code   RO         2543    i.HAL_GPIO_Init     stm32f4xx_hal_gpio.o
    0x080017c8   0x080017c8   0x0000000a   Code   RO         2545    i.HAL_GPIO_ReadPin  stm32f4xx_hal_gpio.o
    0x080017d2   0x080017d2   0x00000002   PAD
    0x080017d4   0x080017d4   0x0000000c   Code   RO         3075    i.HAL_GetTick       stm32f4xx_hal.o
    0x080017e0   0x080017e0   0x00000010   Code   RO         3079    i.HAL_IncTick       stm32f4xx_hal.o
    0x080017f0   0x080017f0   0x00000034   Code   RO         3080    i.HAL_Init          stm32f4xx_hal.o
    0x08001824   0x08001824   0x00000074   Code   RO          636    i.HAL_InitTick      stm32f4xx_hal_timebase_tim.o
    0x08001898   0x08001898   0x00000038   Code   RO          612    i.HAL_MspInit       stm32f4xx_hal_msp.o
    0x080018d0   0x080018d0   0x00000016   Code   RO         2932    i.HAL_NVIC_EnableIRQ  stm32f4xx_hal_cortex.o
    0x080018e6   0x080018e6   0x00000002   PAD
    0x080018e8   0x080018e8   0x00000040   Code   RO         2938    i.HAL_NVIC_SetPriority  stm32f4xx_hal_cortex.o
    0x08001928   0x08001928   0x00000024   Code   RO         2939    i.HAL_NVIC_SetPriorityGrouping  stm32f4xx_hal_cortex.o
    0x0800194c   0x0800194c   0x00000130   Code   RO         2189    i.HAL_RCC_ClockConfig  stm32f4xx_hal_rcc.o
    0x08001a7c   0x08001a7c   0x00000040   Code   RO         2193    i.HAL_RCC_GetClockConfig  stm32f4xx_hal_rcc.o
    0x08001abc   0x08001abc   0x00000020   Code   RO         2196    i.HAL_RCC_GetPCLK1Freq  stm32f4xx_hal_rcc.o
    0x08001adc   0x08001adc   0x00000020   Code   RO         2197    i.HAL_RCC_GetPCLK2Freq  stm32f4xx_hal_rcc.o
    0x08001afc   0x08001afc   0x00000064   Code   RO         2198    i.HAL_RCC_GetSysClockFreq  stm32f4xx_hal_rcc.o
    0x08001b60   0x08001b60   0x0000031c   Code   RO         2201    i.HAL_RCC_OscConfig  stm32f4xx_hal_rcc.o
    0x08001e7c   0x08001e7c   0x00000002   Code   RO         1623    i.HAL_TIMEx_BreakCallback  stm32f4xx_hal_tim_ex.o
    0x08001e7e   0x08001e7e   0x00000002   Code   RO         1624    i.HAL_TIMEx_CommutationCallback  stm32f4xx_hal_tim_ex.o
    0x08001e80   0x08001e80   0x00000050   Code   RO         1640    i.HAL_TIMEx_MasterConfigSynchronization  stm32f4xx_hal_tim_ex.o
    0x08001ed0   0x08001ed0   0x00000036   Code   RO          994    i.HAL_TIM_Base_Init  stm32f4xx_hal_tim.o
    0x08001f06   0x08001f06   0x00000002   PAD
    0x08001f08   0x08001f08   0x00000060   Code   RO          417    i.HAL_TIM_Base_MspInit  tim.o
    0x08001f68   0x08001f68   0x00000018   Code   RO          999    i.HAL_TIM_Base_Start_IT  stm32f4xx_hal_tim.o
    0x08001f80   0x08001f80   0x000000f2   Code   RO         1003    i.HAL_TIM_ConfigClockSource  stm32f4xx_hal_tim.o
    0x08002072   0x08002072   0x00000002   Code   RO         1023    i.HAL_TIM_IC_CaptureCallback  stm32f4xx_hal_tim.o
    0x08002074   0x08002074   0x00000166   Code   RO         1036    i.HAL_TIM_IRQHandler  stm32f4xx_hal_tim.o
    0x080021da   0x080021da   0x00000002   Code   RO         1039    i.HAL_TIM_OC_DelayElapsedCallback  stm32f4xx_hal_tim.o
    0x080021dc   0x080021dc   0x00000002   Code   RO         1066    i.HAL_TIM_PWM_PulseFinishedCallback  stm32f4xx_hal_tim.o
    0x080021de   0x080021de   0x00000002   PAD
    0x080021e0   0x080021e0   0x00000014   Code   RO           14    i.HAL_TIM_PeriodElapsedCallback  main.o
    0x080021f4   0x080021f4   0x00000002   Code   RO         1077    i.HAL_TIM_TriggerCallback  stm32f4xx_hal_tim.o
    0x080021f6   0x080021f6   0x00000002   Code   RO         1883    i.HAL_UART_ErrorCallback  stm32f4xx_hal_uart.o
    0x080021f8   0x080021f8   0x00000110   Code   RO         1886    i.HAL_UART_IRQHandler  stm32f4xx_hal_uart.o
    0x08002308   0x08002308   0x00000062   Code   RO         1887    i.HAL_UART_Init     stm32f4xx_hal_uart.o
    0x0800236a   0x0800236a   0x00000002   PAD
    0x0800236c   0x0800236c   0x000000c4   Code   RO          465    i.HAL_UART_MspInit  usart.o
    0x08002430   0x08002430   0x00000048   Code   RO         1892    i.HAL_UART_Receive_IT  stm32f4xx_hal_uart.o
    0x08002478   0x08002478   0x00000002   Code   RO         1893    i.HAL_UART_RxCpltCallback  stm32f4xx_hal_uart.o
    0x0800247a   0x0800247a   0x000000ba   Code   RO         1895    i.HAL_UART_Transmit  stm32f4xx_hal_uart.o
    0x08002534   0x08002534   0x00000002   Code   RO         1898    i.HAL_UART_TxCpltCallback  stm32f4xx_hal_uart.o
    0x08002536   0x08002536   0x00000002   Code   RO          516    i.HardFault_Handler  stm32f4xx_it.o
    0x08002538   0x08002538   0x00000048   Code   RO          278    i.MX_CAN1_Init      can.o
    0x08002580   0x08002580   0x00000054   Code   RO          328    i.MX_FREERTOS_Init  freertos.o
    0x080025d4   0x080025d4   0x00000088   Code   RO          251    i.MX_GPIO_Init      gpio.o
    0x0800265c   0x0800265c   0x0000005c   Code   RO          418    i.MX_TIM2_Init      tim.o
    0x080026b8   0x080026b8   0x00000064   Code   RO          419    i.MX_TIM3_Init      tim.o
    0x0800271c   0x0800271c   0x00000038   Code   RO          466    i.MX_USART1_UART_Init  usart.o
    0x08002754   0x08002754   0x00000038   Code   RO          467    i.MX_USART3_UART_Init  usart.o
    0x0800278c   0x0800278c   0x00000002   Code   RO          517    i.MemManage_Handler  stm32f4xx_it.o
    0x0800278e   0x0800278e   0x00000002   Code   RO          518    i.NMI_Handler       stm32f4xx_it.o
    0x08002790   0x08002790   0x00000020   Code   RO         2945    i.NVIC_SetPriority  stm32f4xx_hal_cortex.o
    0x080027b0   0x080027b0   0x000002f8   Code   RO          677    i.ReadLastData      sim900a.o
    0x08002aa8   0x08002aa8   0x0000010c   Code   RO          678    i.SIM900A_Init      sim900a.o
    0x08002bb4   0x08002bb4   0x00000240   Code   RO          329    i.StartAndroidTask  freertos.o
    0x08002df4   0x08002df4   0x00000020   Code   RO          330    i.StartCanTask      freertos.o
    0x08002e14   0x08002e14   0x00000074   Code   RO          331    i.StartGsmTask      freertos.o
    0x08002e88   0x08002e88   0x0000002c   Code   RO         4267    i.SysTick_Handler   port.o
    0x08002eb4   0x08002eb4   0x00000084   Code   RO           15    i.SystemClock_Config  main.o
    0x08002f38   0x08002f38   0x00000054   Code   RO         3234    i.SystemInit        system_stm32f4xx.o
    0x08002f8c   0x08002f8c   0x0000000c   Code   RO          519    i.TIM2_IRQHandler   stm32f4xx_it.o
    0x08002f98   0x08002f98   0x0000000c   Code   RO          520    i.TIM3_IRQHandler   stm32f4xx_it.o
    0x08002fa4   0x08002fa4   0x0000000c   Code   RO          521    i.TIM8_TRG_COM_TIM14_IRQHandler  stm32f4xx_it.o
    0x08002fb0   0x08002fb0   0x000000c0   Code   RO         1078    i.TIM_Base_SetConfig  stm32f4xx_hal_tim.o
    0x08003070   0x08003070   0x00000014   Code   RO         1085    i.TIM_ETR_SetConfig  stm32f4xx_hal_tim.o
    0x08003084   0x08003084   0x00000010   Code   RO         1086    i.TIM_ITRx_SetConfig  stm32f4xx_hal_tim.o
    0x08003094   0x08003094   0x00000022   Code   RO         1092    i.TIM_TI1_ConfigInputStage  stm32f4xx_hal_tim.o
    0x080030b6   0x080030b6   0x00000024   Code   RO         1094    i.TIM_TI2_ConfigInputStage  stm32f4xx_hal_tim.o
    0x080030da   0x080030da   0x00000010   Code   RO         1900    i.UART_DMAAbortOnError  stm32f4xx_hal_uart.o
    0x080030ea   0x080030ea   0x0000001c   Code   RO         1910    i.UART_EndRxTransfer  stm32f4xx_hal_uart.o
    0x08003106   0x08003106   0x0000008c   Code   RO         1912    i.UART_Receive_IT   stm32f4xx_hal_uart.o
    0x08003192   0x08003192   0x00000002   PAD
    0x08003194   0x08003194   0x000002ac   Code   RO         1913    i.UART_SetConfig    stm32f4xx_hal_uart.o
    0x08003440   0x08003440   0x00000062   Code   RO         1914    i.UART_Transmit_IT  stm32f4xx_hal_uart.o
    0x080034a2   0x080034a2   0x00000064   Code   RO         1915    i.UART_WaitOnFlagUntilTimeout  stm32f4xx_hal_uart.o
    0x08003506   0x08003506   0x00000002   PAD
    0x08003508   0x08003508   0x0000000c   Code   RO          522    i.USART1_IRQHandler  stm32f4xx_it.o
    0x08003514   0x08003514   0x00000038   Code   RO          523    i.USART3_IRQHandler  stm32f4xx_it.o
    0x0800354c   0x0800354c   0x00000002   Code   RO          524    i.UsageFault_Handler  stm32f4xx_it.o
    0x0800354e   0x0800354e   0x00000002   PAD
    0x08003550   0x08003550   0x00000020   Code   RO         4573    i.__0printf$8       mc_w.l(printf8.o)
    0x08003570   0x08003570   0x00000028   Code   RO         4575    i.__0sprintf$8      mc_w.l(printf8.o)
    0x08003598   0x08003598   0x00000008   Code   RO         4652    i.__aeabi_errno_addr  mc_w.l(errno.o)
    0x080035a0   0x080035a0   0x00000038   Code   RO         4343    i.__hardfp_atof     m_wm.l(atof.o)
    0x080035d8   0x080035d8   0x0000000c   Code   RO         4653    i.__read_errno      mc_w.l(errno.o)
    0x080035e4   0x080035e4   0x0000000e   Code   RO         4729    i.__scatterload_copy  mc_w.l(handlers.o)
    0x080035f2   0x080035f2   0x00000002   Code   RO         4730    i.__scatterload_null  mc_w.l(handlers.o)
    0x080035f4   0x080035f4   0x0000000e   Code   RO         4731    i.__scatterload_zeroinit  mc_w.l(handlers.o)
    0x08003602   0x08003602   0x00000002   PAD
    0x08003604   0x08003604   0x0000000c   Code   RO         4654    i.__set_errno       mc_w.l(errno.o)
    0x08003610   0x08003610   0x0000000e   Code   RO         4712    i._is_digit         mc_w.l(scanf_fp.o)
    0x0800361e   0x0800361e   0x00000002   PAD
    0x08003620   0x08003620   0x00000410   Code   RO         4580    i._printf_core      mc_w.l(printf8.o)
    0x08003a30   0x08003a30   0x00000024   Code   RO         4581    i._printf_post_padding  mc_w.l(printf8.o)
    0x08003a54   0x08003a54   0x0000002e   Code   RO         4582    i._printf_pre_padding  mc_w.l(printf8.o)
    0x08003a82   0x08003a82   0x0000000a   Code   RO         4584    i._sputc            mc_w.l(printf8.o)
    0x08003a8c   0x08003a8c   0x00000018   Code   RO          680    i.fputc             sim900a.o
    0x08003aa4   0x08003aa4   0x0000005c   Code   RO          681    i.gsmStatus         sim900a.o
    0x08003b00   0x08003b00   0x00000060   Code   RO          333    i.input_handler     freertos.o
    0x08003b60   0x08003b60   0x00000054   Code   RO           16    i.main              main.o
    0x08003bb4   0x08003bb4   0x0000000c   Code   RO         3832    i.makeFreeRtosPriority  cmsis_os.o
    0x08003bc0   0x08003bc0   0x0000000e   Code   RO         3834    i.osDelay           cmsis_os.o
    0x08003bce   0x08003bce   0x0000000a   Code   RO         3837    i.osKernelStart     cmsis_os.o
    0x08003bd8   0x08003bd8   0x0000002e   Code   RO         3871    i.osThreadCreate    cmsis_os.o
    0x08003c06   0x08003c06   0x00000002   PAD
    0x08003c08   0x08003c08   0x00000070   Code   RO         3543    i.prvAddCurrentTaskToDelayedList  tasks.o
    0x08003c78   0x08003c78   0x000000d0   Code   RO         3544    i.prvAddNewTaskToReadyList  tasks.o
    0x08003d48   0x08003d48   0x00000050   Code   RO         3545    i.prvCheckTasksWaitingTermination  tasks.o
    0x08003d98   0x08003d98   0x00000014   Code   RO         3546    i.prvDeleteTCB      tasks.o
    0x08003dac   0x08003dac   0x0000004c   Code   RO         4205    i.prvHeapInit       heap_4.o
    0x08003df8   0x08003df8   0x00000028   Code   RO         3547    i.prvIdleTask       tasks.o
    0x08003e20   0x08003e20   0x0000008e   Code   RO         3548    i.prvInitialiseNewTask  tasks.o
    0x08003eae   0x08003eae   0x00000002   PAD
    0x08003eb0   0x08003eb0   0x0000004c   Code   RO         4206    i.prvInsertBlockIntoFreeList  heap_4.o
    0x08003efc   0x08003efc   0x00000020   Code   RO         3549    i.prvResetNextTaskUnblockTime  tasks.o
    0x08003f1c   0x08003f1c   0x00000028   Code   RO         4268    i.prvTaskExitError  port.o
    0x08003f44   0x08003f44   0x000000d8   Code   RO         4207    i.pvPortMalloc      heap_4.o
    0x0800401c   0x0800401c   0x0000002c   Code   RO         4269    i.pxPortInitialiseStack  port.o
    0x08004048   0x08004048   0x00000024   Code   RO         3366    i.uxListRemove      list.o
    0x0800406c   0x0800406c   0x00000016   Code   RO         3367    i.vListInitialise   list.o
    0x08004082   0x08004082   0x00000006   Code   RO         3368    i.vListInitialiseItem  list.o
    0x08004088   0x08004088   0x00000030   Code   RO         3369    i.vListInsert       list.o
    0x080040b8   0x080040b8   0x00000018   Code   RO         3370    i.vListInsertEnd    list.o
    0x080040d0   0x080040d0   0x00000040   Code   RO         4271    i.vPortEnterCritical  port.o
    0x08004110   0x08004110   0x00000028   Code   RO         4272    i.vPortExitCritical  port.o
    0x08004138   0x08004138   0x0000005c   Code   RO         4208    i.vPortFree         heap_4.o
    0x08004194   0x08004194   0x00000020   Code   RO         4273    i.vPortSetupTimerInterrupt  port.o
    0x080041b4   0x080041b4   0x0000004c   Code   RO         3557    i.vTaskDelay        tasks.o
    0x08004200   0x08004200   0x00000068   Code   RO         3568    i.vTaskStartScheduler  tasks.o
    0x08004268   0x08004268   0x00000010   Code   RO         3570    i.vTaskSuspendAll   tasks.o
    0x08004278   0x08004278   0x0000005c   Code   RO         3571    i.vTaskSwitchContext  tasks.o
    0x080042d4   0x080042d4   0x000000e0   Code   RO         4275    i.xPortStartScheduler  port.o
    0x080043b4   0x080043b4   0x00000056   Code   RO         3573    i.xTaskCreate       tasks.o
    0x0800440a   0x0800440a   0x00000002   PAD
    0x0800440c   0x0800440c   0x000000c8   Code   RO         3580    i.xTaskIncrementTick  tasks.o
    0x080044d4   0x080044d4   0x000000c4   Code   RO         3586    i.xTaskResumeAll    tasks.o
    0x08004598   0x08004598   0x0000003c   Data   RO          335    .constdata          freertos.o
    0x080045d4   0x080045d4   0x00000010   Data   RO         3235    .constdata          system_stm32f4xx.o
    0x080045e4   0x080045e4   0x00000008   Data   RO         3236    .constdata          system_stm32f4xx.o
    0x080045ec   0x080045ec   0x00000081   Data   RO         4683    .constdata          mc_w.l(ctype_o.o)
    0x0800466d   0x0800466d   0x00000003   PAD
    0x08004670   0x08004670   0x00000004   Data   RO         4684    .constdata          mc_w.l(ctype_o.o)
    0x08004674   0x08004674   0x00000068   Data   RO          336    .conststring        freertos.o
    0x080046dc   0x080046dc   0x00000055   Data   RO          684    .conststring        sim900a.o
    0x08004731   0x08004731   0x00000003   PAD
    0x08004734   0x08004734   0x00000020   Data   RO         4727    Region$$Table       anon$$obj.o


    Execution Region RW_IRAM1 (Exec base: 0x20000000, Load base: 0x08004754, Size: 0x00004b98, Max: 0x00020000, ABSOLUTE)

    Exec Addr    Load Addr    Size         Type   Attr      Idx    E Section Name        Object

    0x20000000   0x08004754   0x00000004   Data   RW           19    .data               main.o
    0x20000004   0x08004758   0x00000004   Data   RW           20    .data               main.o
    0x20000008   0x0800475c   0x00000001   Data   RW           21    .data               main.o
    0x20000009   0x0800475d   0x00000001   Data   RW           22    .data               main.o
    0x2000000a   0x0800475e   0x00000001   Data   RW           23    .data               main.o
    0x2000000b   0x0800475f   0x00000001   Data   RW           24    .data               main.o
    0x2000000c   0x08004760   0x00000004   Data   RW           25    .data               main.o
    0x20000010   0x08004764   0x00000004   Data   RW           26    .data               main.o
    0x20000014   0x08004768   0x00000004   Data   RW           27    .data               main.o
    0x20000018   0x0800476c   0x00000004   Data   RW           28    .data               main.o
    0x2000001c   0x08004770   0x00000004   Data   RW           29    .data               main.o
    0x20000020   0x08004774   0x00000002   Data   RW           34    .data               main.o
    0x20000022   0x08004776   0x00000008   Data   RW           35    .data               main.o
    0x2000002a   0x0800477e   0x00000002   Data   RW           37    .data               main.o
    0x2000002c   0x08004780   0x00000002   Data   RW           38    .data               main.o
    0x2000002e   0x08004782   0x00000002   Data   RW           39    .data               main.o
    0x20000030   0x08004784   0x00000001   Data   RW           40    .data               main.o
    0x20000031   0x08004785   0x00000001   PAD
    0x20000032   0x08004786   0x00000002   Data   RW           41    .data               main.o
    0x20000034   0x08004788   0x00000002   Data   RW           42    .data               main.o
    0x20000036   0x0800478a   0x00000002   Data   RW           43    .data               main.o
    0x20000038   0x0800478c   0x00000004   Data   RW           48    .data               main.o
    0x2000003c   0x08004790   0x00000008   Data   RW          281    .data               can.o
    0x20000044   0x08004798   0x00000008   Data   RW          282    .data               can.o
    0x2000004c   0x080047a0   0x00000004   Data   RW          283    .data               can.o
    0x20000050   0x080047a4   0x00000018   Data   RW          337    .data               freertos.o
    0x20000068   0x080047bc   0x0000001b   Data   RW          685    .data               sim900a.o
    0x20000083   0x080047d7   0x00000001   Data   RW          690    .data               sim900a.o
    0x20000084   0x080047d8   0x0000000c   Data   RW         3087    .data               stm32f4xx_hal.o
    0x20000090   0x080047e4   0x00000004   Data   RW         3237    .data               system_stm32f4xx.o
    0x20000094   0x080047e8   0x0000003c   Data   RW         3589    .data               tasks.o
    0x200000d0   0x08004824   0x00000018   Data   RW         4213    .data               heap_4.o
    0x200000e8   0x0800483c   0x0000000c   Data   RW         4276    .data               port.o
    0x200000f4   0x08004848   0x00000004   Data   RW         4645    .data               mc_w.l(stdout.o)
    0x200000f8   0x0800484c   0x00000004   Data   RW         4655    .data               mc_w.l(errno.o)
    0x200000fc        -       0x00000100   Zero   RW           17    .bss                main.o
    0x200001fc        -       0x00000200   Zero   RW           18    .bss                main.o
    0x200003fc        -       0x00000040   Zero   RW          279    .bss                can.o
    0x2000043c        -       0x0000001c   Zero   RW          280    .bss                can.o
    0x20000458        -       0x00000010   Zero   RW          334    .bss                freertos.o
    0x20000468        -       0x00000078   Zero   RW          420    .bss                tim.o
    0x200004e0        -       0x00000080   Zero   RW          468    .bss                usart.o
    0x20000560        -       0x0000003c   Zero   RW          639    .bss                stm32f4xx_hal_timebase_tim.o
    0x2000059c        -       0x0000010a   Zero   RW          682    .bss                sim900a.o
    0x200006a6   0x08004850   0x00000002   PAD
    0x200006a8        -       0x000000f0   Zero   RW         3588    .bss                tasks.o
    0x20000798        -       0x00003c00   Zero   RW         4212    .bss                heap_4.o
    0x20004398        -       0x00000800   Zero   RW            1    STACK               startup_stm32f405xx.o


==============================================================================

Image component sizes


      Code (inc. data)   RO Data    RW Data    ZI Data      Debug   Object Name

       288         28          0         20         92       2428   can.o
        82          0          0          0          0      12685   cmsis_os.o
         0          0          0          0          0       9516   event_groups.o
       952        202        164         24         16       6185   freertos.o
       136         16          0          0          0        899   gpio.o
       460         24          0         24      15360       7319   heap_4.o
       136          0          0          0          0       3530   list.o
       238         28          0         59        768     666294   main.o
       674         74          0         12          0      11004   port.o
      1188        372         85         28        266       4390   sim900a.o
        36          8        392          0       2048        832   startup_stm32f405xx.o
       116         18          0         12          0       3874   stm32f4xx_hal.o
      1662          6          0          0          0      14523   stm32f4xx_hal_can.o
       154         14          0          0          0      29602   stm32f4xx_hal_cortex.o
        36          0          0          0          0       1211   stm32f4xx_hal_dma.o
       468         50          0          0          0       3595   stm32f4xx_hal_gpio.o
        56          4          0          0          0        834   stm32f4xx_hal_msp.o
      1328         90          0          0          0       5793   stm32f4xx_hal_rcc.o
       984         44          0          0          0       9851   stm32f4xx_hal_tim.o
        84          0          0          0          0       2406   stm32f4xx_hal_tim_ex.o
       116         16          0          0         60       1392   stm32f4xx_hal_timebase_tim.o
      1700         14          0          0          0      10273   stm32f4xx_hal_uart.o
       422        104          0          0          0       6302   stm32f4xx_it.o
        84         18         24          4          0       1147   system_stm32f4xx.o
      1404        116          0         60        240      15374   tasks.o
       288         22          0          0        120       2347   tim.o
       308         38          0          0        128       2363   usart.o

    ----------------------------------------------------------------------
     13436       1306        700        244      19100     835969   Object Totals
         0          0         32          0          0          0   (incl. Generated)
        36          0          3          1          2          0   (incl. Padding)

    ----------------------------------------------------------------------

      Code (inc. data)   RO Data    RW Data    ZI Data      Debug   Library Member Name

        56         12          0          0          0        132   atof.o
        28          0          0          0          0         68   _chval.o
        64          0          0          0          0         84   _sgetc.o
       158          0          0          0          0         92   _strtoul.o
        26          0          0          0          0         80   atoi.o
         8          4        133          0          0         68   ctype_o.o
         0          0          0          0          0          0   entry.o
         0          0          0          0          0          0   entry10a.o
         0          0          0          0          0          0   entry11a.o
         8          4          0          0          0          0   entry2.o
         4          0          0          0          0          0   entry5.o
         0          0          0          0          0          0   entry7b.o
         0          0          0          0          0          0   entry8b.o
         8          4          0          0          0          0   entry9a.o
        32         16          0          4          0        204   errno.o
        30          0          0          0          0          0   handlers.o
        36          8          0          0          0         68   init.o
        18          0          0          0          0         76   isspace_o.o
         0          0          0          0          0          0   iusefp.o
        30          0          0          0          0         68   llshl.o
        32          0          0          0          0         68   llushr.o
        36          0          0          0          0         68   memcpya.o
        36          0          0          0          0        108   memseta.o
      1204         60          0          0          0        504   printf8.o
       878         12          0          0          0        216   scanf_fp.o
         0          0          0          4          0          0   stdout.o
        34          0          0          0          0         80   strcspn.o
        28          0          0          0          0         80   strspn.o
        36          0          0          0          0         80   strstr.o
       156         12          0          0          0        120   strtod.o
       112          0          0          0          0         88   strtol.o
        98          0          0          0          0         92   uldiv.o
        56          0          0          0          0         88   d2f.o
       222          0          0          0          0        100   ddiv.o
       186          0          0          0          0        176   depilogue.o
        24          0          0          0          0         76   dfltul.o
       228          0          0          0          0         96   dmul.o
       110          0          0          0          0        168   fepilogue.o

    ----------------------------------------------------------------------
      3988        132        136          8          0       3148   Library Totals
         6          0          3          0          0          0   (incl. Padding)

    ----------------------------------------------------------------------

      Code (inc. data)   RO Data    RW Data    ZI Data      Debug   Library Name

        56         12          0          0          0        132   m_wm.l
      3100        120        133          8          0       2312   mc_w.l
       826          0          0          0          0        704   mf_w.l

    ----------------------------------------------------------------------
      3988        132        136          8          0       3148   Library Totals

    ----------------------------------------------------------------------

==============================================================================


      Code (inc. data)   RO Data    RW Data    ZI Data      Debug   

     17424       1438        836        252      19100     823861   Grand Totals
     17424       1438        836        252      19100     823861   ELF Image Totals
     17424       1438        836        252          0          0   ROM Totals

==============================================================================

    Total RO  Size (Code + RO Data)                18260 (  17.83kB)
    Total RW  Size (RW Data + ZI Data)             19352 (  18.90kB)
    Total ROM Size (Code + RO Data + RW Data)      18512 (  18.08kB)

==============================================================================

